[0.024s] Invoking command in '/home/risksis/Documents/intern/risksis-intern/BD/camera/ROS_driver/build/mvs_ros_driver': CMAKE_PREFIX_PATH=/opt/ros/humble /usr/bin/cmake /home/risksis/Documents/intern/risksis-intern/BD/camera/ROS_driver/mvs_ros_driver -DBUILD_CPU_ONLY=ON -DAMENT_CMAKE_SYMLINK_INSTALL=1 -DCMAKE_INSTALL_PREFIX=/home/risksis/Documents/intern/risksis-intern/BD/camera/ROS_driver/install/mvs_ros_driver
[0.199s] -- The C compiler identification is GNU 11.4.0
[0.376s] -- The CXX compiler identification is GNU 11.4.0
[0.405s] -- Detecting C compiler ABI info
[0.666s] -- Detecting C compiler ABI info - done
[0.683s] -- Check for working C compiler: /usr/bin/cc - skipped
[0.687s] -- Detecting C compile features
[0.688s] -- Detecting C compile features - done
[0.698s] -- Detecting CXX compiler ABI info
[0.847s] -- Detecting CXX compiler ABI info - done
[0.859s] -- Check for working CXX compiler: /usr/bin/c++ - skipped
[0.860s] -- Detecting CXX compile features
[0.861s] -- Detecting CXX compile features - done
[0.863s] -- Running on x86_64
[0.871s] -- Found ament_cmake: 1.3.14 (/opt/ros/humble/share/ament_cmake/cmake)
[1.874s] -- Found Python3: /usr/bin/python3 (found version "3.10.12") found components: Interpreter 
[1.975s] -- Override CMake install command with custom implementation using symlinks instead of copying resources
[2.014s] -- Found rclcpp: 16.0.19 (/opt/ros/humble/share/rclcpp/cmake)
[2.077s] -- Found rosidl_generator_c: 3.1.9 (/opt/ros/humble/share/rosidl_generator_c/cmake)
[2.087s] -- Found rosidl_adapter: 3.1.9 (/opt/ros/humble/share/rosidl_adapter/cmake)
[2.097s] -- Found rosidl_generator_cpp: 3.1.9 (/opt/ros/humble/share/rosidl_generator_cpp/cmake)
[2.114s] -- Using all available rosidl_typesupport_c: rosidl_typesupport_fastrtps_c;rosidl_typesupport_introspection_c
[2.140s] -- Using all available rosidl_typesupport_cpp: rosidl_typesupport_fastrtps_cpp;rosidl_typesupport_introspection_cpp
[2.241s] -- Found rmw_implementation_cmake: 6.1.2 (/opt/ros/humble/share/rmw_implementation_cmake/cmake)
[2.247s] -- Found rmw_fastrtps_cpp: 6.2.10 (/opt/ros/humble/share/rmw_fastrtps_cpp/cmake)
[2.453s] -- Found OpenSSL: /usr/lib/x86_64-linux-gnu/libcrypto.so (found version "3.0.2")  
[2.506s] -- Found FastRTPS: /opt/ros/humble/include  
[2.572s] -- Using RMW implementation 'rmw_fastrtps_cpp' as default
[2.586s] -- Looking for pthread.h
[2.704s] -- Looking for pthread.h - found
[2.706s] -- Performing Test CMAKE_HAVE_LIBC_PTHREAD
[2.818s] -- Performing Test CMAKE_HAVE_LIBC_PTHREAD - Success
[2.820s] -- Found Threads: TRUE  
[2.900s] -- Found cv_bridge: 3.2.1 (/opt/ros/humble/share/cv_bridge/cmake)
[2.962s] -- Found image_transport: 3.1.13 (/opt/ros/humble/share/image_transport/cmake)
[3.003s] -- === CPU-ONLY MODE: OpenCV CPU + MVS SDK only ===
[3.005s] -- Found OpenCV: /usr (found version "4.5.4") found components: core imgproc imgcodecs 
[3.005s] -- OpenCV version: 4.5.4 (system)
[3.120s] -- Configuring done
[3.152s] -- Generating done
[3.162s] -- Build files have been written to: /home/risksis/Documents/intern/risksis-intern/BD/camera/ROS_driver/build/mvs_ros_driver
[3.182s] Invoked command in '/home/risksis/Documents/intern/risksis-intern/BD/camera/ROS_driver/build/mvs_ros_driver' returned '0': CMAKE_PREFIX_PATH=/opt/ros/humble /usr/bin/cmake /home/risksis/Documents/intern/risksis-intern/BD/camera/ROS_driver/mvs_ros_driver -DBUILD_CPU_ONLY=ON -DAMENT_CMAKE_SYMLINK_INSTALL=1 -DCMAKE_INSTALL_PREFIX=/home/risksis/Documents/intern/risksis-intern/BD/camera/ROS_driver/install/mvs_ros_driver
[3.185s] Invoking command in '/home/risksis/Documents/intern/risksis-intern/BD/camera/ROS_driver/build/mvs_ros_driver': CMAKE_PREFIX_PATH=/opt/ros/humble /usr/bin/cmake --build /home/risksis/Documents/intern/risksis-intern/BD/camera/ROS_driver/build/mvs_ros_driver -- -j4 -l4
[3.267s] [ 25%] [32mBuilding CXX object CMakeFiles/test_CPU_grab.dir/src/test_CPU_grab.cpp.o[0m
[3.272s] [ 50%] [32mBuilding CXX object CMakeFiles/grabImgWithTriggerCPU.dir/src/grab_trigger_cpu.cpp.o[0m
[11.631s] [ 75%] [32m[1mLinking CXX executable test_CPU_grab[0m
[11.912s] [100%] [32m[1mLinking CXX executable grabImgWithTriggerCPU[0m
[12.378s] [100%] Built target test_CPU_grab
[12.565s] [100%] Built target grabImgWithTriggerCPU
[12.591s] Invoked command in '/home/risksis/Documents/intern/risksis-intern/BD/camera/ROS_driver/build/mvs_ros_driver' returned '0': CMAKE_PREFIX_PATH=/opt/ros/humble /usr/bin/cmake --build /home/risksis/Documents/intern/risksis-intern/BD/camera/ROS_driver/build/mvs_ros_driver -- -j4 -l4
[12.603s] Invoking command in '/home/risksis/Documents/intern/risksis-intern/BD/camera/ROS_driver/build/mvs_ros_driver': CMAKE_PREFIX_PATH=/opt/ros/humble /usr/bin/cmake --install /home/risksis/Documents/intern/risksis-intern/BD/camera/ROS_driver/build/mvs_ros_driver
[12.616s] -- Install configuration: ""
[12.619s] -- Execute custom install script
[12.619s] -- Symlinking: /home/risksis/Documents/intern/risksis-intern/BD/camera/ROS_driver/install/mvs_ros_driver/lib/mvs_ros_driver/grabImgWithTriggerCPU
[12.633s] -- Symlinking: /home/risksis/Documents/intern/risksis-intern/BD/camera/ROS_driver/install/mvs_ros_driver/lib/mvs_ros_driver/test_CPU_grab
[12.652s] -- Symlinking: /home/risksis/Documents/intern/risksis-intern/BD/camera/ROS_driver/install/mvs_ros_driver/share/mvs_ros_driver/config/DA4930148.yaml
[12.669s] -- Symlinking: /home/risksis/Documents/intern/risksis-intern/BD/camera/ROS_driver/install/mvs_ros_driver/share/mvs_ros_driver/config/DA5148680.yaml
[12.684s] -- Symlinking: /home/risksis/Documents/intern/risksis-intern/BD/camera/ROS_driver/install/mvs_ros_driver/share/mvs_ros_driver/config/DA5148683.yaml
[12.703s] -- Symlinking: /home/risksis/Documents/intern/risksis-intern/BD/camera/ROS_driver/install/mvs_ros_driver/share/mvs_ros_driver/config/DA5324645.yaml
[12.718s] -- Symlinking: /home/risksis/Documents/intern/risksis-intern/BD/camera/ROS_driver/install/mvs_ros_driver/share/mvs_ros_driver/config/DA5324655.yaml
[12.734s] -- Symlinking: /home/risksis/Documents/intern/risksis-intern/BD/camera/ROS_driver/install/mvs_ros_driver/share/mvs_ros_driver/config/DA6102933.yaml
[12.752s] -- Symlinking: /home/risksis/Documents/intern/risksis-intern/BD/camera/ROS_driver/install/mvs_ros_driver/share/mvs_ros_driver/config/DB1597646.yaml
[12.767s] -- Symlinking: /home/risksis/Documents/intern/risksis-intern/BD/camera/ROS_driver/install/mvs_ros_driver/share/mvs_ros_driver/config/left_camera_trigger.yaml
[12.789s] -- Symlinking: /home/risksis/Documents/intern/risksis-intern/BD/camera/ROS_driver/install/mvs_ros_driver/share/mvs_ros_driver/config/right_camera_trigger.yaml
[12.807s] -- Symlinking: /home/risksis/Documents/intern/risksis-intern/BD/camera/ROS_driver/install/mvs_ros_driver/share/mvs_ros_driver/rviz_cfg/mvs_camera.rviz
[12.828s] -- Symlinking: /home/risksis/Documents/intern/risksis-intern/BD/camera/ROS_driver/install/mvs_ros_driver/share/ament_index/resource_index/package_run_dependencies/mvs_ros_driver
[12.852s] -- Symlinking: /home/risksis/Documents/intern/risksis-intern/BD/camera/ROS_driver/install/mvs_ros_driver/share/ament_index/resource_index/parent_prefix_path/mvs_ros_driver
[12.867s] -- Symlinking: /home/risksis/Documents/intern/risksis-intern/BD/camera/ROS_driver/install/mvs_ros_driver/share/mvs_ros_driver/environment/ament_prefix_path.sh
[12.884s] -- Symlinking: /home/risksis/Documents/intern/risksis-intern/BD/camera/ROS_driver/install/mvs_ros_driver/share/mvs_ros_driver/environment/ament_prefix_path.dsv
[12.901s] -- Symlinking: /home/risksis/Documents/intern/risksis-intern/BD/camera/ROS_driver/install/mvs_ros_driver/share/mvs_ros_driver/environment/path.sh
[12.915s] -- Symlinking: /home/risksis/Documents/intern/risksis-intern/BD/camera/ROS_driver/install/mvs_ros_driver/share/mvs_ros_driver/environment/path.dsv
[12.928s] -- Symlinking: /home/risksis/Documents/intern/risksis-intern/BD/camera/ROS_driver/install/mvs_ros_driver/share/mvs_ros_driver/local_setup.bash
[12.945s] -- Symlinking: /home/risksis/Documents/intern/risksis-intern/BD/camera/ROS_driver/install/mvs_ros_driver/share/mvs_ros_driver/local_setup.sh
[12.959s] -- Symlinking: /home/risksis/Documents/intern/risksis-intern/BD/camera/ROS_driver/install/mvs_ros_driver/share/mvs_ros_driver/local_setup.zsh
[12.974s] -- Symlinking: /home/risksis/Documents/intern/risksis-intern/BD/camera/ROS_driver/install/mvs_ros_driver/share/mvs_ros_driver/local_setup.dsv
[12.990s] -- Symlinking: /home/risksis/Documents/intern/risksis-intern/BD/camera/ROS_driver/install/mvs_ros_driver/share/mvs_ros_driver/package.dsv
[13.003s] -- Symlinking: /home/risksis/Documents/intern/risksis-intern/BD/camera/ROS_driver/install/mvs_ros_driver/share/ament_index/resource_index/packages/mvs_ros_driver
[13.019s] -- Symlinking: /home/risksis/Documents/intern/risksis-intern/BD/camera/ROS_driver/install/mvs_ros_driver/share/mvs_ros_driver/cmake/mvs_ros_driverConfig.cmake
[13.031s] -- Symlinking: /home/risksis/Documents/intern/risksis-intern/BD/camera/ROS_driver/install/mvs_ros_driver/share/mvs_ros_driver/cmake/mvs_ros_driverConfig-version.cmake
[13.047s] -- Symlinking: /home/risksis/Documents/intern/risksis-intern/BD/camera/ROS_driver/install/mvs_ros_driver/share/mvs_ros_driver/package.xml
[13.060s] -- Installing: /home/risksis/Documents/intern/risksis-intern/BD/camera/ROS_driver/install/mvs_ros_driver/share/mvs_ros_driver/launch
[13.060s] -- Installing: /home/risksis/Documents/intern/risksis-intern/BD/camera/ROS_driver/install/mvs_ros_driver/share/mvs_ros_driver/launch/mvs_multi_cam.launch.py
[13.061s] -- Installing: /home/risksis/Documents/intern/risksis-intern/BD/camera/ROS_driver/install/mvs_ros_driver/share/mvs_ros_driver/launch/hikrobot.launch.py
[13.062s] -- Installing: /home/risksis/Documents/intern/risksis-intern/BD/camera/ROS_driver/install/mvs_ros_driver/share/mvs_ros_driver/launch/mvs_multiple_camera.launch.py
[13.062s] -- Installing: /home/risksis/Documents/intern/risksis-intern/BD/camera/ROS_driver/install/mvs_ros_driver/share/mvs_ros_driver/launch/test_CPU_grab.launch.py
[13.062s] -- Installing: /home/risksis/Documents/intern/risksis-intern/BD/camera/ROS_driver/install/mvs_ros_driver/share/mvs_ros_driver/launch/mvs_camera_trigger.launch.py
[13.062s] -- Installing: /home/risksis/Documents/intern/risksis-intern/BD/camera/ROS_driver/install/mvs_ros_driver/share/mvs_ros_driver/launch/test_cpu.launch.py
[13.064s] Invoked command in '/home/risksis/Documents/intern/risksis-intern/BD/camera/ROS_driver/build/mvs_ros_driver' returned '0': CMAKE_PREFIX_PATH=/opt/ros/humble /usr/bin/cmake --install /home/risksis/Documents/intern/risksis-intern/BD/camera/ROS_driver/build/mvs_ros_driver
