[0.204s] DEBUG:colcon:Command line arguments: ['/usr/bin/colcon', 'build', '--packages-select', 'mvs_ros_driver', '--symlink-install', '--cmake-args', '-DBUILD_CPU_ONLY=ON']
[0.204s] DEBUG:colcon:Parsed command line arguments: Namespace(log_base=None, log_level=None, verb_name='build', build_base='build', install_base='install', merge_install=False, symlink_install=True, test_result_base=None, continue_on_error=False, executor='parallel', parallel_workers=4, event_handlers=None, ignore_user_meta=False, metas=['./colcon.meta'], base_paths=['.'], packages_ignore=None, packages_ignore_regex=None, paths=None, packages_up_to=None, packages_up_to_regex=None, packages_above=None, packages_above_and_dependencies=None, packages_above_depth=None, packages_select_by_dep=None, packages_skip_by_dep=None, packages_skip_up_to=None, packages_select_build_failed=False, packages_skip_build_finished=False, packages_select_test_failures=False, packages_skip_test_passed=False, packages_select=['mvs_ros_driver'], packages_skip=None, packages_select_regex=None, packages_skip_regex=None, packages_start=None, packages_end=None, allow_overriding=[], cmake_args=['-DBUILD_CPU_ONLY=ON'], cmake_target=None, cmake_target_skip_unavailable=False, cmake_clean_cache=False, cmake_clean_first=False, cmake_force_configure=False, ament_cmake_args=None, catkin_cmake_args=None, catkin_skip_building_tests=False, mixin_files=None, mixin=None, verb_parser=<colcon_mixin.mixin.mixin_argument.MixinArgumentDecorator object at 0x7c776005abc0>, verb_extension=<colcon_core.verb.build.BuildVerb object at 0x7c776005a440>, main=<bound method BuildVerb.main of <colcon_core.verb.build.BuildVerb object at 0x7c776005a440>>, mixin_verb=('build',))
[0.266s] Level 1:colcon.colcon_core.package_discovery:discover_packages(colcon_meta) check parameters
[0.266s] Level 1:colcon.colcon_core.package_discovery:discover_packages(recursive) check parameters
[0.266s] Level 1:colcon.colcon_core.package_discovery:discover_packages(ignore) check parameters
[0.266s] Level 1:colcon.colcon_core.package_discovery:discover_packages(path) check parameters
[0.266s] Level 1:colcon.colcon_core.package_discovery:discover_packages(colcon_meta) discover
[0.267s] Level 1:colcon.colcon_core.package_discovery:discover_packages(recursive) discover
[0.267s] INFO:colcon.colcon_core.package_discovery:Crawling recursively for packages in '/home/risksis/Documents/intern/risksis-intern/BD/camera/ROS_driver'
[0.267s] Level 1:colcon.colcon_core.package_identification:_identify(.) by extensions ['ignore', 'ignore_ament_install']
[0.267s] Level 1:colcon.colcon_core.package_identification:_identify(.) by extension 'ignore'
[0.267s] Level 1:colcon.colcon_core.package_identification:_identify(.) by extension 'ignore_ament_install'
[0.267s] Level 1:colcon.colcon_core.package_identification:_identify(.) by extensions ['colcon_pkg']
[0.267s] Level 1:colcon.colcon_core.package_identification:_identify(.) by extension 'colcon_pkg'
[0.267s] Level 1:colcon.colcon_core.package_identification:_identify(.) by extensions ['colcon_meta']
[0.267s] Level 1:colcon.colcon_core.package_identification:_identify(.) by extension 'colcon_meta'
[0.267s] Level 1:colcon.colcon_core.package_identification:_identify(.) by extensions ['ros']
[0.268s] Level 1:colcon.colcon_core.package_identification:_identify(.) by extension 'ros'
[0.290s] Level 1:colcon.colcon_core.package_identification:_identify(.) by extensions ['cmake', 'python']
[0.290s] Level 1:colcon.colcon_core.package_identification:_identify(.) by extension 'cmake'
[0.290s] Level 1:colcon.colcon_core.package_identification:_identify(.) by extension 'python'
[0.290s] Level 1:colcon.colcon_core.package_identification:_identify(.) by extensions ['python_setup_py']
[0.290s] Level 1:colcon.colcon_core.package_identification:_identify(.) by extension 'python_setup_py'
[0.290s] Level 1:colcon.colcon_core.package_identification:_identify(_archived_source) by extensions ['ignore', 'ignore_ament_install']
[0.291s] Level 1:colcon.colcon_core.package_identification:_identify(_archived_source) by extension 'ignore'
[0.291s] Level 1:colcon.colcon_core.package_identification:_identify(_archived_source) by extension 'ignore_ament_install'
[0.291s] Level 1:colcon.colcon_core.package_identification:_identify(_archived_source) by extensions ['colcon_pkg']
[0.291s] Level 1:colcon.colcon_core.package_identification:_identify(_archived_source) by extension 'colcon_pkg'
[0.291s] Level 1:colcon.colcon_core.package_identification:_identify(_archived_source) by extensions ['colcon_meta']
[0.291s] Level 1:colcon.colcon_core.package_identification:_identify(_archived_source) by extension 'colcon_meta'
[0.291s] Level 1:colcon.colcon_core.package_identification:_identify(_archived_source) by extensions ['ros']
[0.291s] Level 1:colcon.colcon_core.package_identification:_identify(_archived_source) by extension 'ros'
[0.291s] Level 1:colcon.colcon_core.package_identification:_identify(_archived_source) by extensions ['cmake', 'python']
[0.291s] Level 1:colcon.colcon_core.package_identification:_identify(_archived_source) by extension 'cmake'
[0.291s] Level 1:colcon.colcon_core.package_identification:_identify(_archived_source) by extension 'python'
[0.291s] Level 1:colcon.colcon_core.package_identification:_identify(_archived_source) by extensions ['python_setup_py']
[0.291s] Level 1:colcon.colcon_core.package_identification:_identify(_archived_source) by extension 'python_setup_py'
[0.291s] Level 1:colcon.colcon_core.package_identification:_identify(build) by extensions ['ignore', 'ignore_ament_install']
[0.292s] Level 1:colcon.colcon_core.package_identification:_identify(build) by extension 'ignore'
[0.292s] Level 1:colcon.colcon_core.package_identification:_identify(build) ignored
[0.292s] Level 1:colcon.colcon_core.package_identification:_identify(config) by extensions ['ignore', 'ignore_ament_install']
[0.292s] Level 1:colcon.colcon_core.package_identification:_identify(config) by extension 'ignore'
[0.292s] Level 1:colcon.colcon_core.package_identification:_identify(config) by extension 'ignore_ament_install'
[0.292s] Level 1:colcon.colcon_core.package_identification:_identify(config) by extensions ['colcon_pkg']
[0.292s] Level 1:colcon.colcon_core.package_identification:_identify(config) by extension 'colcon_pkg'
[0.292s] Level 1:colcon.colcon_core.package_identification:_identify(config) by extensions ['colcon_meta']
[0.292s] Level 1:colcon.colcon_core.package_identification:_identify(config) by extension 'colcon_meta'
[0.292s] Level 1:colcon.colcon_core.package_identification:_identify(config) by extensions ['ros']
[0.292s] Level 1:colcon.colcon_core.package_identification:_identify(config) by extension 'ros'
[0.293s] Level 1:colcon.colcon_core.package_identification:_identify(config) by extensions ['cmake', 'python']
[0.293s] Level 1:colcon.colcon_core.package_identification:_identify(config) by extension 'cmake'
[0.293s] Level 1:colcon.colcon_core.package_identification:_identify(config) by extension 'python'
[0.293s] Level 1:colcon.colcon_core.package_identification:_identify(config) by extensions ['python_setup_py']
[0.293s] Level 1:colcon.colcon_core.package_identification:_identify(config) by extension 'python_setup_py'
[0.293s] Level 1:colcon.colcon_core.package_identification:_identify(install) by extensions ['ignore', 'ignore_ament_install']
[0.293s] Level 1:colcon.colcon_core.package_identification:_identify(install) by extension 'ignore'
[0.293s] Level 1:colcon.colcon_core.package_identification:_identify(install) ignored
[0.293s] Level 1:colcon.colcon_core.package_identification:_identify(launch) by extensions ['ignore', 'ignore_ament_install']
[0.293s] Level 1:colcon.colcon_core.package_identification:_identify(launch) by extension 'ignore'
[0.293s] Level 1:colcon.colcon_core.package_identification:_identify(launch) by extension 'ignore_ament_install'
[0.294s] Level 1:colcon.colcon_core.package_identification:_identify(launch) by extensions ['colcon_pkg']
[0.294s] Level 1:colcon.colcon_core.package_identification:_identify(launch) by extension 'colcon_pkg'
[0.294s] Level 1:colcon.colcon_core.package_identification:_identify(launch) by extensions ['colcon_meta']
[0.294s] Level 1:colcon.colcon_core.package_identification:_identify(launch) by extension 'colcon_meta'
[0.294s] Level 1:colcon.colcon_core.package_identification:_identify(launch) by extensions ['ros']
[0.294s] Level 1:colcon.colcon_core.package_identification:_identify(launch) by extension 'ros'
[0.294s] Level 1:colcon.colcon_core.package_identification:_identify(launch) by extensions ['cmake', 'python']
[0.294s] Level 1:colcon.colcon_core.package_identification:_identify(launch) by extension 'cmake'
[0.294s] Level 1:colcon.colcon_core.package_identification:_identify(launch) by extension 'python'
[0.294s] Level 1:colcon.colcon_core.package_identification:_identify(launch) by extensions ['python_setup_py']
[0.294s] Level 1:colcon.colcon_core.package_identification:_identify(launch) by extension 'python_setup_py'
[0.294s] Level 1:colcon.colcon_core.package_identification:_identify(log) by extensions ['ignore', 'ignore_ament_install']
[0.294s] Level 1:colcon.colcon_core.package_identification:_identify(log) by extension 'ignore'
[0.295s] Level 1:colcon.colcon_core.package_identification:_identify(log) ignored
[0.295s] Level 1:colcon.colcon_core.package_identification:_identify(mvs_ros_driver) by extensions ['ignore', 'ignore_ament_install']
[0.295s] Level 1:colcon.colcon_core.package_identification:_identify(mvs_ros_driver) by extension 'ignore'
[0.295s] Level 1:colcon.colcon_core.package_identification:_identify(mvs_ros_driver) by extension 'ignore_ament_install'
[0.295s] Level 1:colcon.colcon_core.package_identification:_identify(mvs_ros_driver) by extensions ['colcon_pkg']
[0.295s] Level 1:colcon.colcon_core.package_identification:_identify(mvs_ros_driver) by extension 'colcon_pkg'
[0.295s] Level 1:colcon.colcon_core.package_identification:_identify(mvs_ros_driver) by extensions ['colcon_meta']
[0.295s] Level 1:colcon.colcon_core.package_identification:_identify(mvs_ros_driver) by extension 'colcon_meta'
[0.295s] Level 1:colcon.colcon_core.package_identification:_identify(mvs_ros_driver) by extensions ['ros']
[0.295s] Level 1:colcon.colcon_core.package_identification:_identify(mvs_ros_driver) by extension 'ros'
[0.299s] DEBUG:colcon.colcon_core.package_identification:Package 'mvs_ros_driver' with type 'ros.ament_cmake' and name 'mvs_ros_driver'
[0.300s] Level 1:colcon.colcon_core.package_identification:_identify(src) by extensions ['ignore', 'ignore_ament_install']
[0.300s] Level 1:colcon.colcon_core.package_identification:_identify(src) by extension 'ignore'
[0.300s] Level 1:colcon.colcon_core.package_identification:_identify(src) by extension 'ignore_ament_install'
[0.300s] Level 1:colcon.colcon_core.package_identification:_identify(src) by extensions ['colcon_pkg']
[0.300s] Level 1:colcon.colcon_core.package_identification:_identify(src) by extension 'colcon_pkg'
[0.300s] Level 1:colcon.colcon_core.package_identification:_identify(src) by extensions ['colcon_meta']
[0.300s] Level 1:colcon.colcon_core.package_identification:_identify(src) by extension 'colcon_meta'
[0.300s] Level 1:colcon.colcon_core.package_identification:_identify(src) by extensions ['ros']
[0.300s] Level 1:colcon.colcon_core.package_identification:_identify(src) by extension 'ros'
[0.300s] Level 1:colcon.colcon_core.package_identification:_identify(src) by extensions ['cmake', 'python']
[0.300s] Level 1:colcon.colcon_core.package_identification:_identify(src) by extension 'cmake'
[0.300s] Level 1:colcon.colcon_core.package_identification:_identify(src) by extension 'python'
[0.301s] Level 1:colcon.colcon_core.package_identification:_identify(src) by extensions ['python_setup_py']
[0.301s] Level 1:colcon.colcon_core.package_identification:_identify(src) by extension 'python_setup_py'
[0.301s] Level 1:colcon.colcon_core.package_discovery:discover_packages(recursive) using defaults
[0.301s] Level 1:colcon.colcon_core.package_discovery:discover_packages(ignore) discover
[0.301s] Level 1:colcon.colcon_core.package_discovery:discover_packages(ignore) using defaults
[0.301s] Level 1:colcon.colcon_core.package_discovery:discover_packages(path) discover
[0.301s] Level 1:colcon.colcon_core.package_discovery:discover_packages(path) using defaults
[0.334s] Level 1:colcon.colcon_core.package_discovery:discover_packages(prefix_path) check parameters
[0.334s] Level 1:colcon.colcon_core.package_discovery:discover_packages(prefix_path) discover
[0.336s] DEBUG:colcon.colcon_installed_package_information.package_discovery:Found 1 installed packages in /home/risksis/Documents/intern/risksis-intern/BD/camera/ROS_driver/install
[0.338s] DEBUG:colcon.colcon_installed_package_information.package_discovery:Found 223 installed packages in /opt/ros/humble
[0.340s] Level 1:colcon.colcon_core.package_discovery:discover_packages(prefix_path) using defaults
[0.378s] Level 5:colcon.colcon_core.verb:set package 'mvs_ros_driver' build argument 'cmake_args' from command line to '['-DBUILD_CPU_ONLY=ON']'
[0.378s] Level 5:colcon.colcon_core.verb:set package 'mvs_ros_driver' build argument 'cmake_target' from command line to 'None'
[0.378s] Level 5:colcon.colcon_core.verb:set package 'mvs_ros_driver' build argument 'cmake_target_skip_unavailable' from command line to 'False'
[0.378s] Level 5:colcon.colcon_core.verb:set package 'mvs_ros_driver' build argument 'cmake_clean_cache' from command line to 'False'
[0.378s] Level 5:colcon.colcon_core.verb:set package 'mvs_ros_driver' build argument 'cmake_clean_first' from command line to 'False'
[0.378s] Level 5:colcon.colcon_core.verb:set package 'mvs_ros_driver' build argument 'cmake_force_configure' from command line to 'False'
[0.378s] Level 5:colcon.colcon_core.verb:set package 'mvs_ros_driver' build argument 'ament_cmake_args' from command line to 'None'
[0.378s] Level 5:colcon.colcon_core.verb:set package 'mvs_ros_driver' build argument 'catkin_cmake_args' from command line to 'None'
[0.378s] Level 5:colcon.colcon_core.verb:set package 'mvs_ros_driver' build argument 'catkin_skip_building_tests' from command line to 'False'
[0.378s] DEBUG:colcon.colcon_core.verb:Building package 'mvs_ros_driver' with the following arguments: {'ament_cmake_args': None, 'build_base': '/home/risksis/Documents/intern/risksis-intern/BD/camera/ROS_driver/build/mvs_ros_driver', 'catkin_cmake_args': None, 'catkin_skip_building_tests': False, 'cmake_args': ['-DBUILD_CPU_ONLY=ON'], 'cmake_clean_cache': False, 'cmake_clean_first': False, 'cmake_force_configure': False, 'cmake_target': None, 'cmake_target_skip_unavailable': False, 'install_base': '/home/risksis/Documents/intern/risksis-intern/BD/camera/ROS_driver/install/mvs_ros_driver', 'merge_install': False, 'path': '/home/risksis/Documents/intern/risksis-intern/BD/camera/ROS_driver/mvs_ros_driver', 'symlink_install': True, 'test_result_base': None}
[0.379s] INFO:colcon.colcon_core.executor:Executing jobs using 'parallel' executor
[0.380s] DEBUG:colcon.colcon_parallel_executor.executor.parallel:run_until_complete
[0.381s] INFO:colcon.colcon_ros.task.ament_cmake.build:Building ROS package in '/home/risksis/Documents/intern/risksis-intern/BD/camera/ROS_driver/mvs_ros_driver' with build type 'ament_cmake'
[0.381s] INFO:colcon.colcon_cmake.task.cmake.build:Building CMake package in '/home/risksis/Documents/intern/risksis-intern/BD/camera/ROS_driver/mvs_ros_driver'
[0.384s] INFO:colcon.colcon_core.plugin_system:Skipping extension 'colcon_core.shell.bat': Not used on non-Windows systems
[0.384s] INFO:colcon.colcon_core.shell:Skip shell extension 'powershell' for command environment: Not usable outside of PowerShell
[0.384s] DEBUG:colcon.colcon_core.shell:Skip shell extension 'dsv' for command environment
[0.397s] DEBUG:colcon.colcon_core.event_handler.log_command:Invoking command in '/home/risksis/Documents/intern/risksis-intern/BD/camera/ROS_driver/build/mvs_ros_driver': CMAKE_PREFIX_PATH=${CMAKE_PREFIX_PATH}:/opt/ros/humble /usr/bin/cmake /home/risksis/Documents/intern/risksis-intern/BD/camera/ROS_driver/mvs_ros_driver -DBUILD_CPU_ONLY=ON -DAMENT_CMAKE_SYMLINK_INSTALL=1 -DCMAKE_INSTALL_PREFIX=/home/risksis/Documents/intern/risksis-intern/BD/camera/ROS_driver/install/mvs_ros_driver
[1.247s] DEBUG:colcon.colcon_core.event_handler.log_command:Invoked command in '/home/risksis/Documents/intern/risksis-intern/BD/camera/ROS_driver/build/mvs_ros_driver' returned '0': CMAKE_PREFIX_PATH=${CMAKE_PREFIX_PATH}:/opt/ros/humble /usr/bin/cmake /home/risksis/Documents/intern/risksis-intern/BD/camera/ROS_driver/mvs_ros_driver -DBUILD_CPU_ONLY=ON -DAMENT_CMAKE_SYMLINK_INSTALL=1 -DCMAKE_INSTALL_PREFIX=/home/risksis/Documents/intern/risksis-intern/BD/camera/ROS_driver/install/mvs_ros_driver
[1.247s] DEBUG:colcon.colcon_core.event_handler.log_command:Invoking command in '/home/risksis/Documents/intern/risksis-intern/BD/camera/ROS_driver/build/mvs_ros_driver': CMAKE_PREFIX_PATH=${CMAKE_PREFIX_PATH}:/opt/ros/humble /usr/bin/cmake --build /home/risksis/Documents/intern/risksis-intern/BD/camera/ROS_driver/build/mvs_ros_driver -- -j4 -l4
[1.390s] DEBUG:colcon.colcon_core.event_handler.log_command:Invoked command in '/home/risksis/Documents/intern/risksis-intern/BD/camera/ROS_driver/build/mvs_ros_driver' returned '0': CMAKE_PREFIX_PATH=${CMAKE_PREFIX_PATH}:/opt/ros/humble /usr/bin/cmake --build /home/risksis/Documents/intern/risksis-intern/BD/camera/ROS_driver/build/mvs_ros_driver -- -j4 -l4
[1.406s] DEBUG:colcon.colcon_core.event_handler.log_command:Invoking command in '/home/risksis/Documents/intern/risksis-intern/BD/camera/ROS_driver/build/mvs_ros_driver': CMAKE_PREFIX_PATH=${CMAKE_PREFIX_PATH}:/opt/ros/humble /usr/bin/cmake --install /home/risksis/Documents/intern/risksis-intern/BD/camera/ROS_driver/build/mvs_ros_driver
[1.465s] Level 1:colcon.colcon_core.environment:create_environment_scripts_only(mvs_ros_driver)
[1.468s] DEBUG:colcon.colcon_core.event_handler.log_command:Invoked command in '/home/risksis/Documents/intern/risksis-intern/BD/camera/ROS_driver/build/mvs_ros_driver' returned '0': CMAKE_PREFIX_PATH=${CMAKE_PREFIX_PATH}:/opt/ros/humble /usr/bin/cmake --install /home/risksis/Documents/intern/risksis-intern/BD/camera/ROS_driver/build/mvs_ros_driver
[1.472s] Level 1:colcon.colcon_core.environment:checking '/home/risksis/Documents/intern/risksis-intern/BD/camera/ROS_driver/install/mvs_ros_driver' for CMake module files
[1.473s] Level 1:colcon.colcon_core.environment:checking '/home/risksis/Documents/intern/risksis-intern/BD/camera/ROS_driver/install/mvs_ros_driver' for CMake config files
[1.474s] Level 1:colcon.colcon_core.shell:create_environment_hook('mvs_ros_driver', 'cmake_prefix_path')
[1.474s] INFO:colcon.colcon_core.shell:Creating environment hook '/home/risksis/Documents/intern/risksis-intern/BD/camera/ROS_driver/install/mvs_ros_driver/share/mvs_ros_driver/hook/cmake_prefix_path.ps1'
[1.476s] INFO:colcon.colcon_core.shell:Creating environment descriptor '/home/risksis/Documents/intern/risksis-intern/BD/camera/ROS_driver/install/mvs_ros_driver/share/mvs_ros_driver/hook/cmake_prefix_path.dsv'
[1.477s] INFO:colcon.colcon_core.shell:Creating environment hook '/home/risksis/Documents/intern/risksis-intern/BD/camera/ROS_driver/install/mvs_ros_driver/share/mvs_ros_driver/hook/cmake_prefix_path.sh'
[1.479s] Level 1:colcon.colcon_core.environment:checking '/home/risksis/Documents/intern/risksis-intern/BD/camera/ROS_driver/install/mvs_ros_driver/lib'
[1.480s] Level 1:colcon.colcon_core.environment:checking '/home/risksis/Documents/intern/risksis-intern/BD/camera/ROS_driver/install/mvs_ros_driver/bin'
[1.480s] Level 1:colcon.colcon_core.environment:checking '/home/risksis/Documents/intern/risksis-intern/BD/camera/ROS_driver/install/mvs_ros_driver/lib/pkgconfig/mvs_ros_driver.pc'
[1.481s] Level 1:colcon.colcon_core.environment:checking '/home/risksis/Documents/intern/risksis-intern/BD/camera/ROS_driver/install/mvs_ros_driver/lib/python3.10/site-packages'
[1.481s] Level 1:colcon.colcon_core.environment:checking '/home/risksis/Documents/intern/risksis-intern/BD/camera/ROS_driver/install/mvs_ros_driver/bin'
[1.483s] INFO:colcon.colcon_core.shell:Creating package script '/home/risksis/Documents/intern/risksis-intern/BD/camera/ROS_driver/install/mvs_ros_driver/share/mvs_ros_driver/package.ps1'
[1.485s] INFO:colcon.colcon_core.shell:Creating package descriptor '/home/risksis/Documents/intern/risksis-intern/BD/camera/ROS_driver/install/mvs_ros_driver/share/mvs_ros_driver/package.dsv'
[1.486s] INFO:colcon.colcon_core.shell:Creating package script '/home/risksis/Documents/intern/risksis-intern/BD/camera/ROS_driver/install/mvs_ros_driver/share/mvs_ros_driver/package.sh'
[1.488s] INFO:colcon.colcon_core.shell:Creating package script '/home/risksis/Documents/intern/risksis-intern/BD/camera/ROS_driver/install/mvs_ros_driver/share/mvs_ros_driver/package.bash'
[1.489s] INFO:colcon.colcon_core.shell:Creating package script '/home/risksis/Documents/intern/risksis-intern/BD/camera/ROS_driver/install/mvs_ros_driver/share/mvs_ros_driver/package.zsh'
[1.490s] Level 1:colcon.colcon_core.environment:create_file_with_runtime_dependencies(/home/risksis/Documents/intern/risksis-intern/BD/camera/ROS_driver/install/mvs_ros_driver/share/colcon-core/packages/mvs_ros_driver)
[1.493s] Level 1:colcon.colcon_core.environment:create_environment_scripts_only(mvs_ros_driver)
[1.493s] Level 1:colcon.colcon_core.environment:checking '/home/risksis/Documents/intern/risksis-intern/BD/camera/ROS_driver/install/mvs_ros_driver' for CMake module files
[1.494s] Level 1:colcon.colcon_core.environment:checking '/home/risksis/Documents/intern/risksis-intern/BD/camera/ROS_driver/install/mvs_ros_driver' for CMake config files
[1.495s] Level 1:colcon.colcon_core.shell:create_environment_hook('mvs_ros_driver', 'cmake_prefix_path')
[1.495s] INFO:colcon.colcon_core.shell:Creating environment hook '/home/risksis/Documents/intern/risksis-intern/BD/camera/ROS_driver/install/mvs_ros_driver/share/mvs_ros_driver/hook/cmake_prefix_path.ps1'
[1.496s] INFO:colcon.colcon_core.shell:Creating environment descriptor '/home/risksis/Documents/intern/risksis-intern/BD/camera/ROS_driver/install/mvs_ros_driver/share/mvs_ros_driver/hook/cmake_prefix_path.dsv'
[1.497s] INFO:colcon.colcon_core.shell:Creating environment hook '/home/risksis/Documents/intern/risksis-intern/BD/camera/ROS_driver/install/mvs_ros_driver/share/mvs_ros_driver/hook/cmake_prefix_path.sh'
[1.498s] Level 1:colcon.colcon_core.environment:checking '/home/risksis/Documents/intern/risksis-intern/BD/camera/ROS_driver/install/mvs_ros_driver/lib'
[1.498s] Level 1:colcon.colcon_core.environment:checking '/home/risksis/Documents/intern/risksis-intern/BD/camera/ROS_driver/install/mvs_ros_driver/bin'
[1.498s] Level 1:colcon.colcon_core.environment:checking '/home/risksis/Documents/intern/risksis-intern/BD/camera/ROS_driver/install/mvs_ros_driver/lib/pkgconfig/mvs_ros_driver.pc'
[1.499s] Level 1:colcon.colcon_core.environment:checking '/home/risksis/Documents/intern/risksis-intern/BD/camera/ROS_driver/install/mvs_ros_driver/lib/python3.10/site-packages'
[1.499s] Level 1:colcon.colcon_core.environment:checking '/home/risksis/Documents/intern/risksis-intern/BD/camera/ROS_driver/install/mvs_ros_driver/bin'
[1.500s] INFO:colcon.colcon_core.shell:Creating package script '/home/risksis/Documents/intern/risksis-intern/BD/camera/ROS_driver/install/mvs_ros_driver/share/mvs_ros_driver/package.ps1'
[1.501s] INFO:colcon.colcon_core.shell:Creating package descriptor '/home/risksis/Documents/intern/risksis-intern/BD/camera/ROS_driver/install/mvs_ros_driver/share/mvs_ros_driver/package.dsv'
[1.502s] INFO:colcon.colcon_core.shell:Creating package script '/home/risksis/Documents/intern/risksis-intern/BD/camera/ROS_driver/install/mvs_ros_driver/share/mvs_ros_driver/package.sh'
[1.503s] INFO:colcon.colcon_core.shell:Creating package script '/home/risksis/Documents/intern/risksis-intern/BD/camera/ROS_driver/install/mvs_ros_driver/share/mvs_ros_driver/package.bash'
[1.504s] INFO:colcon.colcon_core.shell:Creating package script '/home/risksis/Documents/intern/risksis-intern/BD/camera/ROS_driver/install/mvs_ros_driver/share/mvs_ros_driver/package.zsh'
[1.504s] Level 1:colcon.colcon_core.environment:create_file_with_runtime_dependencies(/home/risksis/Documents/intern/risksis-intern/BD/camera/ROS_driver/install/mvs_ros_driver/share/colcon-core/packages/mvs_ros_driver)
[1.505s] DEBUG:colcon.colcon_parallel_executor.executor.parallel:closing loop
[1.506s] DEBUG:colcon.colcon_parallel_executor.executor.parallel:loop closed
[1.506s] DEBUG:colcon.colcon_parallel_executor.executor.parallel:run_until_complete finished with '0'
[1.506s] DEBUG:colcon.colcon_core.event_reactor:joining thread
[1.514s] INFO:colcon.colcon_core.plugin_system:Skipping extension 'colcon_notification.desktop_notification.terminal_notifier': Not used on non-Darwin systems
[1.514s] INFO:colcon.colcon_core.plugin_system:Skipping extension 'colcon_notification.desktop_notification.win32': Not used on non-Windows systems
[1.514s] INFO:colcon.colcon_notification.desktop_notification:Sending desktop notification using 'notify2'
[1.557s] DEBUG:colcon.colcon_core.event_reactor:joined thread
[1.557s] INFO:colcon.colcon_core.shell:Creating prefix script '/home/risksis/Documents/intern/risksis-intern/BD/camera/ROS_driver/install/local_setup.ps1'
[1.563s] INFO:colcon.colcon_core.shell:Creating prefix util module '/home/risksis/Documents/intern/risksis-intern/BD/camera/ROS_driver/install/_local_setup_util_ps1.py'
[1.565s] INFO:colcon.colcon_core.shell:Creating prefix chain script '/home/risksis/Documents/intern/risksis-intern/BD/camera/ROS_driver/install/setup.ps1'
[1.573s] INFO:colcon.colcon_core.shell:Creating prefix script '/home/risksis/Documents/intern/risksis-intern/BD/camera/ROS_driver/install/local_setup.sh'
[1.574s] INFO:colcon.colcon_core.shell:Creating prefix util module '/home/risksis/Documents/intern/risksis-intern/BD/camera/ROS_driver/install/_local_setup_util_sh.py'
[1.576s] INFO:colcon.colcon_core.shell:Creating prefix chain script '/home/risksis/Documents/intern/risksis-intern/BD/camera/ROS_driver/install/setup.sh'
[1.578s] INFO:colcon.colcon_core.shell:Creating prefix script '/home/risksis/Documents/intern/risksis-intern/BD/camera/ROS_driver/install/local_setup.bash'
[1.579s] INFO:colcon.colcon_core.shell:Creating prefix chain script '/home/risksis/Documents/intern/risksis-intern/BD/camera/ROS_driver/install/setup.bash'
[1.581s] INFO:colcon.colcon_core.shell:Creating prefix script '/home/risksis/Documents/intern/risksis-intern/BD/camera/ROS_driver/install/local_setup.zsh'
[1.582s] INFO:colcon.colcon_core.shell:Creating prefix chain script '/home/risksis/Documents/intern/risksis-intern/BD/camera/ROS_driver/install/setup.zsh'
