[0.170s] DEBUG:colcon:Command line arguments: ['/usr/bin/colcon', 'build', '--packages-select', 'mvs_ros_driver', '--symlink-install', '--cmake-args', '-DBUILD_CPU_ONLY=ON']
[0.171s] DEBUG:colcon:Parsed command line arguments: Namespace(log_base=None, log_level=None, verb_name='build', build_base='build', install_base='install', merge_install=False, symlink_install=True, test_result_base=None, continue_on_error=False, executor='parallel', parallel_workers=4, event_handlers=None, ignore_user_meta=False, metas=['./colcon.meta'], base_paths=['.'], packages_ignore=None, packages_ignore_regex=None, paths=None, packages_up_to=None, packages_up_to_regex=None, packages_above=None, packages_above_and_dependencies=None, packages_above_depth=None, packages_select_by_dep=None, packages_skip_by_dep=None, packages_skip_up_to=None, packages_select_build_failed=False, packages_skip_build_finished=False, packages_select_test_failures=False, packages_skip_test_passed=False, packages_select=['mvs_ros_driver'], packages_skip=None, packages_select_regex=None, packages_skip_regex=None, packages_start=None, packages_end=None, allow_overriding=[], cmake_args=['-DBUILD_CPU_ONLY=ON'], cmake_target=None, cmake_target_skip_unavailable=False, cmake_clean_cache=False, cmake_clean_first=False, cmake_force_configure=False, ament_cmake_args=None, catkin_cmake_args=None, catkin_skip_building_tests=False, mixin_files=None, mixin=None, verb_parser=<colcon_mixin.mixin.mixin_argument.MixinArgumentDecorator object at 0x782eb8c5abc0>, verb_extension=<colcon_core.verb.build.BuildVerb object at 0x782eb8c5a440>, main=<bound method BuildVerb.main of <colcon_core.verb.build.BuildVerb object at 0x782eb8c5a440>>, mixin_verb=('build',))
[0.231s] Level 1:colcon.colcon_core.package_discovery:discover_packages(colcon_meta) check parameters
[0.232s] Level 1:colcon.colcon_core.package_discovery:discover_packages(recursive) check parameters
[0.232s] Level 1:colcon.colcon_core.package_discovery:discover_packages(ignore) check parameters
[0.232s] Level 1:colcon.colcon_core.package_discovery:discover_packages(path) check parameters
[0.232s] Level 1:colcon.colcon_core.package_discovery:discover_packages(colcon_meta) discover
[0.232s] Level 1:colcon.colcon_core.package_discovery:discover_packages(recursive) discover
[0.232s] INFO:colcon.colcon_core.package_discovery:Crawling recursively for packages in '/home/risksis/Documents/intern/risksis-intern/BD/camera/ROS_driver'
[0.232s] Level 1:colcon.colcon_core.package_identification:_identify(.) by extensions ['ignore', 'ignore_ament_install']
[0.232s] Level 1:colcon.colcon_core.package_identification:_identify(.) by extension 'ignore'
[0.232s] Level 1:colcon.colcon_core.package_identification:_identify(.) by extension 'ignore_ament_install'
[0.233s] Level 1:colcon.colcon_core.package_identification:_identify(.) by extensions ['colcon_pkg']
[0.233s] Level 1:colcon.colcon_core.package_identification:_identify(.) by extension 'colcon_pkg'
[0.233s] Level 1:colcon.colcon_core.package_identification:_identify(.) by extensions ['colcon_meta']
[0.233s] Level 1:colcon.colcon_core.package_identification:_identify(.) by extension 'colcon_meta'
[0.233s] Level 1:colcon.colcon_core.package_identification:_identify(.) by extensions ['ros']
[0.233s] Level 1:colcon.colcon_core.package_identification:_identify(.) by extension 'ros'
[0.256s] Level 1:colcon.colcon_core.package_identification:_identify(.) by extensions ['cmake', 'python']
[0.256s] Level 1:colcon.colcon_core.package_identification:_identify(.) by extension 'cmake'
[0.256s] Level 1:colcon.colcon_core.package_identification:_identify(.) by extension 'python'
[0.256s] Level 1:colcon.colcon_core.package_identification:_identify(.) by extensions ['python_setup_py']
[0.256s] Level 1:colcon.colcon_core.package_identification:_identify(.) by extension 'python_setup_py'
[0.256s] Level 1:colcon.colcon_core.package_identification:_identify(_archived_source) by extensions ['ignore', 'ignore_ament_install']
[0.256s] Level 1:colcon.colcon_core.package_identification:_identify(_archived_source) by extension 'ignore'
[0.256s] Level 1:colcon.colcon_core.package_identification:_identify(_archived_source) by extension 'ignore_ament_install'
[0.257s] Level 1:colcon.colcon_core.package_identification:_identify(_archived_source) by extensions ['colcon_pkg']
[0.257s] Level 1:colcon.colcon_core.package_identification:_identify(_archived_source) by extension 'colcon_pkg'
[0.257s] Level 1:colcon.colcon_core.package_identification:_identify(_archived_source) by extensions ['colcon_meta']
[0.257s] Level 1:colcon.colcon_core.package_identification:_identify(_archived_source) by extension 'colcon_meta'
[0.257s] Level 1:colcon.colcon_core.package_identification:_identify(_archived_source) by extensions ['ros']
[0.257s] Level 1:colcon.colcon_core.package_identification:_identify(_archived_source) by extension 'ros'
[0.257s] Level 1:colcon.colcon_core.package_identification:_identify(_archived_source) by extensions ['cmake', 'python']
[0.257s] Level 1:colcon.colcon_core.package_identification:_identify(_archived_source) by extension 'cmake'
[0.257s] Level 1:colcon.colcon_core.package_identification:_identify(_archived_source) by extension 'python'
[0.257s] Level 1:colcon.colcon_core.package_identification:_identify(_archived_source) by extensions ['python_setup_py']
[0.257s] Level 1:colcon.colcon_core.package_identification:_identify(_archived_source) by extension 'python_setup_py'
[0.257s] Level 1:colcon.colcon_core.package_identification:_identify(build) by extensions ['ignore', 'ignore_ament_install']
[0.257s] Level 1:colcon.colcon_core.package_identification:_identify(build) by extension 'ignore'
[0.257s] Level 1:colcon.colcon_core.package_identification:_identify(build) ignored
[0.258s] Level 1:colcon.colcon_core.package_identification:_identify(config) by extensions ['ignore', 'ignore_ament_install']
[0.258s] Level 1:colcon.colcon_core.package_identification:_identify(config) by extension 'ignore'
[0.258s] Level 1:colcon.colcon_core.package_identification:_identify(config) by extension 'ignore_ament_install'
[0.258s] Level 1:colcon.colcon_core.package_identification:_identify(config) by extensions ['colcon_pkg']
[0.258s] Level 1:colcon.colcon_core.package_identification:_identify(config) by extension 'colcon_pkg'
[0.258s] Level 1:colcon.colcon_core.package_identification:_identify(config) by extensions ['colcon_meta']
[0.258s] Level 1:colcon.colcon_core.package_identification:_identify(config) by extension 'colcon_meta'
[0.258s] Level 1:colcon.colcon_core.package_identification:_identify(config) by extensions ['ros']
[0.258s] Level 1:colcon.colcon_core.package_identification:_identify(config) by extension 'ros'
[0.258s] Level 1:colcon.colcon_core.package_identification:_identify(config) by extensions ['cmake', 'python']
[0.258s] Level 1:colcon.colcon_core.package_identification:_identify(config) by extension 'cmake'
[0.258s] Level 1:colcon.colcon_core.package_identification:_identify(config) by extension 'python'
[0.258s] Level 1:colcon.colcon_core.package_identification:_identify(config) by extensions ['python_setup_py']
[0.258s] Level 1:colcon.colcon_core.package_identification:_identify(config) by extension 'python_setup_py'
[0.259s] Level 1:colcon.colcon_core.package_identification:_identify(install) by extensions ['ignore', 'ignore_ament_install']
[0.259s] Level 1:colcon.colcon_core.package_identification:_identify(install) by extension 'ignore'
[0.259s] Level 1:colcon.colcon_core.package_identification:_identify(install) ignored
[0.259s] Level 1:colcon.colcon_core.package_identification:_identify(launch) by extensions ['ignore', 'ignore_ament_install']
[0.259s] Level 1:colcon.colcon_core.package_identification:_identify(launch) by extension 'ignore'
[0.259s] Level 1:colcon.colcon_core.package_identification:_identify(launch) by extension 'ignore_ament_install'
[0.259s] Level 1:colcon.colcon_core.package_identification:_identify(launch) by extensions ['colcon_pkg']
[0.259s] Level 1:colcon.colcon_core.package_identification:_identify(launch) by extension 'colcon_pkg'
[0.259s] Level 1:colcon.colcon_core.package_identification:_identify(launch) by extensions ['colcon_meta']
[0.259s] Level 1:colcon.colcon_core.package_identification:_identify(launch) by extension 'colcon_meta'
[0.259s] Level 1:colcon.colcon_core.package_identification:_identify(launch) by extensions ['ros']
[0.259s] Level 1:colcon.colcon_core.package_identification:_identify(launch) by extension 'ros'
[0.260s] Level 1:colcon.colcon_core.package_identification:_identify(launch) by extensions ['cmake', 'python']
[0.260s] Level 1:colcon.colcon_core.package_identification:_identify(launch) by extension 'cmake'
[0.260s] Level 1:colcon.colcon_core.package_identification:_identify(launch) by extension 'python'
[0.260s] Level 1:colcon.colcon_core.package_identification:_identify(launch) by extensions ['python_setup_py']
[0.260s] Level 1:colcon.colcon_core.package_identification:_identify(launch) by extension 'python_setup_py'
[0.260s] Level 1:colcon.colcon_core.package_identification:_identify(log) by extensions ['ignore', 'ignore_ament_install']
[0.260s] Level 1:colcon.colcon_core.package_identification:_identify(log) by extension 'ignore'
[0.260s] Level 1:colcon.colcon_core.package_identification:_identify(log) ignored
[0.260s] Level 1:colcon.colcon_core.package_identification:_identify(mvs_ros_driver) by extensions ['ignore', 'ignore_ament_install']
[0.260s] Level 1:colcon.colcon_core.package_identification:_identify(mvs_ros_driver) by extension 'ignore'
[0.260s] Level 1:colcon.colcon_core.package_identification:_identify(mvs_ros_driver) by extension 'ignore_ament_install'
[0.261s] Level 1:colcon.colcon_core.package_identification:_identify(mvs_ros_driver) by extensions ['colcon_pkg']
[0.261s] Level 1:colcon.colcon_core.package_identification:_identify(mvs_ros_driver) by extension 'colcon_pkg'
[0.261s] Level 1:colcon.colcon_core.package_identification:_identify(mvs_ros_driver) by extensions ['colcon_meta']
[0.261s] Level 1:colcon.colcon_core.package_identification:_identify(mvs_ros_driver) by extension 'colcon_meta'
[0.261s] Level 1:colcon.colcon_core.package_identification:_identify(mvs_ros_driver) by extensions ['ros']
[0.261s] Level 1:colcon.colcon_core.package_identification:_identify(mvs_ros_driver) by extension 'ros'
[0.265s] DEBUG:colcon.colcon_core.package_identification:Package 'mvs_ros_driver' with type 'ros.ament_cmake' and name 'mvs_ros_driver'
[0.265s] Level 1:colcon.colcon_core.package_identification:_identify(src) by extensions ['ignore', 'ignore_ament_install']
[0.265s] Level 1:colcon.colcon_core.package_identification:_identify(src) by extension 'ignore'
[0.266s] Level 1:colcon.colcon_core.package_identification:_identify(src) by extension 'ignore_ament_install'
[0.266s] Level 1:colcon.colcon_core.package_identification:_identify(src) by extensions ['colcon_pkg']
[0.266s] Level 1:colcon.colcon_core.package_identification:_identify(src) by extension 'colcon_pkg'
[0.266s] Level 1:colcon.colcon_core.package_identification:_identify(src) by extensions ['colcon_meta']
[0.266s] Level 1:colcon.colcon_core.package_identification:_identify(src) by extension 'colcon_meta'
[0.266s] Level 1:colcon.colcon_core.package_identification:_identify(src) by extensions ['ros']
[0.266s] Level 1:colcon.colcon_core.package_identification:_identify(src) by extension 'ros'
[0.266s] Level 1:colcon.colcon_core.package_identification:_identify(src) by extensions ['cmake', 'python']
[0.266s] Level 1:colcon.colcon_core.package_identification:_identify(src) by extension 'cmake'
[0.266s] Level 1:colcon.colcon_core.package_identification:_identify(src) by extension 'python'
[0.266s] Level 1:colcon.colcon_core.package_identification:_identify(src) by extensions ['python_setup_py']
[0.266s] Level 1:colcon.colcon_core.package_identification:_identify(src) by extension 'python_setup_py'
[0.266s] Level 1:colcon.colcon_core.package_discovery:discover_packages(recursive) using defaults
[0.266s] Level 1:colcon.colcon_core.package_discovery:discover_packages(ignore) discover
[0.266s] Level 1:colcon.colcon_core.package_discovery:discover_packages(ignore) using defaults
[0.266s] Level 1:colcon.colcon_core.package_discovery:discover_packages(path) discover
[0.266s] Level 1:colcon.colcon_core.package_discovery:discover_packages(path) using defaults
[0.299s] Level 1:colcon.colcon_core.package_discovery:discover_packages(prefix_path) check parameters
[0.299s] Level 1:colcon.colcon_core.package_discovery:discover_packages(prefix_path) discover
[0.302s] DEBUG:colcon.colcon_installed_package_information.package_discovery:Found 1 installed packages in /home/risksis/Documents/intern/risksis-intern/BD/camera/ROS_driver/install
[0.304s] DEBUG:colcon.colcon_installed_package_information.package_discovery:Found 223 installed packages in /opt/ros/humble
[0.305s] Level 1:colcon.colcon_core.package_discovery:discover_packages(prefix_path) using defaults
[0.345s] Level 5:colcon.colcon_core.verb:set package 'mvs_ros_driver' build argument 'cmake_args' from command line to '['-DBUILD_CPU_ONLY=ON']'
[0.345s] Level 5:colcon.colcon_core.verb:set package 'mvs_ros_driver' build argument 'cmake_target' from command line to 'None'
[0.345s] Level 5:colcon.colcon_core.verb:set package 'mvs_ros_driver' build argument 'cmake_target_skip_unavailable' from command line to 'False'
[0.345s] Level 5:colcon.colcon_core.verb:set package 'mvs_ros_driver' build argument 'cmake_clean_cache' from command line to 'False'
[0.345s] Level 5:colcon.colcon_core.verb:set package 'mvs_ros_driver' build argument 'cmake_clean_first' from command line to 'False'
[0.345s] Level 5:colcon.colcon_core.verb:set package 'mvs_ros_driver' build argument 'cmake_force_configure' from command line to 'False'
[0.345s] Level 5:colcon.colcon_core.verb:set package 'mvs_ros_driver' build argument 'ament_cmake_args' from command line to 'None'
[0.345s] Level 5:colcon.colcon_core.verb:set package 'mvs_ros_driver' build argument 'catkin_cmake_args' from command line to 'None'
[0.345s] Level 5:colcon.colcon_core.verb:set package 'mvs_ros_driver' build argument 'catkin_skip_building_tests' from command line to 'False'
[0.345s] DEBUG:colcon.colcon_core.verb:Building package 'mvs_ros_driver' with the following arguments: {'ament_cmake_args': None, 'build_base': '/home/risksis/Documents/intern/risksis-intern/BD/camera/ROS_driver/build/mvs_ros_driver', 'catkin_cmake_args': None, 'catkin_skip_building_tests': False, 'cmake_args': ['-DBUILD_CPU_ONLY=ON'], 'cmake_clean_cache': False, 'cmake_clean_first': False, 'cmake_force_configure': False, 'cmake_target': None, 'cmake_target_skip_unavailable': False, 'install_base': '/home/risksis/Documents/intern/risksis-intern/BD/camera/ROS_driver/install/mvs_ros_driver', 'merge_install': False, 'path': '/home/risksis/Documents/intern/risksis-intern/BD/camera/ROS_driver/mvs_ros_driver', 'symlink_install': True, 'test_result_base': None}
[0.345s] INFO:colcon.colcon_core.executor:Executing jobs using 'parallel' executor
[0.347s] DEBUG:colcon.colcon_parallel_executor.executor.parallel:run_until_complete
[0.348s] INFO:colcon.colcon_ros.task.ament_cmake.build:Building ROS package in '/home/risksis/Documents/intern/risksis-intern/BD/camera/ROS_driver/mvs_ros_driver' with build type 'ament_cmake'
[0.348s] INFO:colcon.colcon_cmake.task.cmake.build:Building CMake package in '/home/risksis/Documents/intern/risksis-intern/BD/camera/ROS_driver/mvs_ros_driver'
[0.351s] INFO:colcon.colcon_core.plugin_system:Skipping extension 'colcon_core.shell.bat': Not used on non-Windows systems
[0.351s] INFO:colcon.colcon_core.shell:Skip shell extension 'powershell' for command environment: Not usable outside of PowerShell
[0.352s] DEBUG:colcon.colcon_core.shell:Skip shell extension 'dsv' for command environment
[0.365s] DEBUG:colcon.colcon_core.event_handler.log_command:Invoking command in '/home/risksis/Documents/intern/risksis-intern/BD/camera/ROS_driver/build/mvs_ros_driver': CMAKE_PREFIX_PATH=${CMAKE_PREFIX_PATH}:/opt/ros/humble /usr/bin/cmake --build /home/risksis/Documents/intern/risksis-intern/BD/camera/ROS_driver/build/mvs_ros_driver -- -j4 -l4
[0.526s] DEBUG:colcon.colcon_core.event_handler.log_command:Invoked command in '/home/risksis/Documents/intern/risksis-intern/BD/camera/ROS_driver/build/mvs_ros_driver' returned '0': CMAKE_PREFIX_PATH=${CMAKE_PREFIX_PATH}:/opt/ros/humble /usr/bin/cmake --build /home/risksis/Documents/intern/risksis-intern/BD/camera/ROS_driver/build/mvs_ros_driver -- -j4 -l4
[0.545s] DEBUG:colcon.colcon_core.event_handler.log_command:Invoking command in '/home/risksis/Documents/intern/risksis-intern/BD/camera/ROS_driver/build/mvs_ros_driver': CMAKE_PREFIX_PATH=${CMAKE_PREFIX_PATH}:/opt/ros/humble /usr/bin/cmake --install /home/risksis/Documents/intern/risksis-intern/BD/camera/ROS_driver/build/mvs_ros_driver
[0.585s] Level 1:colcon.colcon_core.environment:create_environment_scripts_only(mvs_ros_driver)
[0.587s] DEBUG:colcon.colcon_core.event_handler.log_command:Invoked command in '/home/risksis/Documents/intern/risksis-intern/BD/camera/ROS_driver/build/mvs_ros_driver' returned '0': CMAKE_PREFIX_PATH=${CMAKE_PREFIX_PATH}:/opt/ros/humble /usr/bin/cmake --install /home/risksis/Documents/intern/risksis-intern/BD/camera/ROS_driver/build/mvs_ros_driver
[0.594s] Level 1:colcon.colcon_core.environment:checking '/home/risksis/Documents/intern/risksis-intern/BD/camera/ROS_driver/install/mvs_ros_driver' for CMake module files
[0.595s] Level 1:colcon.colcon_core.environment:checking '/home/risksis/Documents/intern/risksis-intern/BD/camera/ROS_driver/install/mvs_ros_driver' for CMake config files
[0.596s] Level 1:colcon.colcon_core.shell:create_environment_hook('mvs_ros_driver', 'cmake_prefix_path')
[0.597s] INFO:colcon.colcon_core.shell:Creating environment hook '/home/risksis/Documents/intern/risksis-intern/BD/camera/ROS_driver/install/mvs_ros_driver/share/mvs_ros_driver/hook/cmake_prefix_path.ps1'
[0.599s] INFO:colcon.colcon_core.shell:Creating environment descriptor '/home/risksis/Documents/intern/risksis-intern/BD/camera/ROS_driver/install/mvs_ros_driver/share/mvs_ros_driver/hook/cmake_prefix_path.dsv'
[0.600s] INFO:colcon.colcon_core.shell:Creating environment hook '/home/risksis/Documents/intern/risksis-intern/BD/camera/ROS_driver/install/mvs_ros_driver/share/mvs_ros_driver/hook/cmake_prefix_path.sh'
[0.602s] Level 1:colcon.colcon_core.environment:checking '/home/risksis/Documents/intern/risksis-intern/BD/camera/ROS_driver/install/mvs_ros_driver/lib'
[0.603s] Level 1:colcon.colcon_core.environment:checking '/home/risksis/Documents/intern/risksis-intern/BD/camera/ROS_driver/install/mvs_ros_driver/bin'
[0.604s] Level 1:colcon.colcon_core.environment:checking '/home/risksis/Documents/intern/risksis-intern/BD/camera/ROS_driver/install/mvs_ros_driver/lib/pkgconfig/mvs_ros_driver.pc'
[0.605s] Level 1:colcon.colcon_core.environment:checking '/home/risksis/Documents/intern/risksis-intern/BD/camera/ROS_driver/install/mvs_ros_driver/lib/python3.10/site-packages'
[0.606s] Level 1:colcon.colcon_core.environment:checking '/home/risksis/Documents/intern/risksis-intern/BD/camera/ROS_driver/install/mvs_ros_driver/bin'
[0.607s] INFO:colcon.colcon_core.shell:Creating package script '/home/risksis/Documents/intern/risksis-intern/BD/camera/ROS_driver/install/mvs_ros_driver/share/mvs_ros_driver/package.ps1'
[0.611s] INFO:colcon.colcon_core.shell:Creating package descriptor '/home/risksis/Documents/intern/risksis-intern/BD/camera/ROS_driver/install/mvs_ros_driver/share/mvs_ros_driver/package.dsv'
[0.612s] INFO:colcon.colcon_core.shell:Creating package script '/home/risksis/Documents/intern/risksis-intern/BD/camera/ROS_driver/install/mvs_ros_driver/share/mvs_ros_driver/package.sh'
[0.614s] INFO:colcon.colcon_core.shell:Creating package script '/home/risksis/Documents/intern/risksis-intern/BD/camera/ROS_driver/install/mvs_ros_driver/share/mvs_ros_driver/package.bash'
[0.616s] INFO:colcon.colcon_core.shell:Creating package script '/home/risksis/Documents/intern/risksis-intern/BD/camera/ROS_driver/install/mvs_ros_driver/share/mvs_ros_driver/package.zsh'
[0.618s] Level 1:colcon.colcon_core.environment:create_file_with_runtime_dependencies(/home/risksis/Documents/intern/risksis-intern/BD/camera/ROS_driver/install/mvs_ros_driver/share/colcon-core/packages/mvs_ros_driver)
[0.619s] Level 1:colcon.colcon_core.environment:create_environment_scripts_only(mvs_ros_driver)
[0.620s] Level 1:colcon.colcon_core.environment:checking '/home/risksis/Documents/intern/risksis-intern/BD/camera/ROS_driver/install/mvs_ros_driver' for CMake module files
[0.621s] Level 1:colcon.colcon_core.environment:checking '/home/risksis/Documents/intern/risksis-intern/BD/camera/ROS_driver/install/mvs_ros_driver' for CMake config files
[0.622s] Level 1:colcon.colcon_core.shell:create_environment_hook('mvs_ros_driver', 'cmake_prefix_path')
[0.623s] INFO:colcon.colcon_core.shell:Creating environment hook '/home/risksis/Documents/intern/risksis-intern/BD/camera/ROS_driver/install/mvs_ros_driver/share/mvs_ros_driver/hook/cmake_prefix_path.ps1'
[0.625s] INFO:colcon.colcon_core.shell:Creating environment descriptor '/home/risksis/Documents/intern/risksis-intern/BD/camera/ROS_driver/install/mvs_ros_driver/share/mvs_ros_driver/hook/cmake_prefix_path.dsv'
[0.626s] INFO:colcon.colcon_core.shell:Creating environment hook '/home/risksis/Documents/intern/risksis-intern/BD/camera/ROS_driver/install/mvs_ros_driver/share/mvs_ros_driver/hook/cmake_prefix_path.sh'
[0.627s] Level 1:colcon.colcon_core.environment:checking '/home/risksis/Documents/intern/risksis-intern/BD/camera/ROS_driver/install/mvs_ros_driver/lib'
[0.628s] Level 1:colcon.colcon_core.environment:checking '/home/risksis/Documents/intern/risksis-intern/BD/camera/ROS_driver/install/mvs_ros_driver/bin'
[0.628s] Level 1:colcon.colcon_core.environment:checking '/home/risksis/Documents/intern/risksis-intern/BD/camera/ROS_driver/install/mvs_ros_driver/lib/pkgconfig/mvs_ros_driver.pc'
[0.628s] Level 1:colcon.colcon_core.environment:checking '/home/risksis/Documents/intern/risksis-intern/BD/camera/ROS_driver/install/mvs_ros_driver/lib/python3.10/site-packages'
[0.629s] Level 1:colcon.colcon_core.environment:checking '/home/risksis/Documents/intern/risksis-intern/BD/camera/ROS_driver/install/mvs_ros_driver/bin'
[0.630s] INFO:colcon.colcon_core.shell:Creating package script '/home/risksis/Documents/intern/risksis-intern/BD/camera/ROS_driver/install/mvs_ros_driver/share/mvs_ros_driver/package.ps1'
[0.632s] INFO:colcon.colcon_core.shell:Creating package descriptor '/home/risksis/Documents/intern/risksis-intern/BD/camera/ROS_driver/install/mvs_ros_driver/share/mvs_ros_driver/package.dsv'
[0.633s] INFO:colcon.colcon_core.shell:Creating package script '/home/risksis/Documents/intern/risksis-intern/BD/camera/ROS_driver/install/mvs_ros_driver/share/mvs_ros_driver/package.sh'
[0.634s] INFO:colcon.colcon_core.shell:Creating package script '/home/risksis/Documents/intern/risksis-intern/BD/camera/ROS_driver/install/mvs_ros_driver/share/mvs_ros_driver/package.bash'
[0.636s] INFO:colcon.colcon_core.shell:Creating package script '/home/risksis/Documents/intern/risksis-intern/BD/camera/ROS_driver/install/mvs_ros_driver/share/mvs_ros_driver/package.zsh'
[0.637s] Level 1:colcon.colcon_core.environment:create_file_with_runtime_dependencies(/home/risksis/Documents/intern/risksis-intern/BD/camera/ROS_driver/install/mvs_ros_driver/share/colcon-core/packages/mvs_ros_driver)
[0.637s] DEBUG:colcon.colcon_parallel_executor.executor.parallel:closing loop
[0.638s] DEBUG:colcon.colcon_parallel_executor.executor.parallel:loop closed
[0.638s] DEBUG:colcon.colcon_parallel_executor.executor.parallel:run_until_complete finished with '0'
[0.638s] DEBUG:colcon.colcon_core.event_reactor:joining thread
[0.648s] INFO:colcon.colcon_core.plugin_system:Skipping extension 'colcon_notification.desktop_notification.terminal_notifier': Not used on non-Darwin systems
[0.649s] INFO:colcon.colcon_core.plugin_system:Skipping extension 'colcon_notification.desktop_notification.win32': Not used on non-Windows systems
[0.649s] INFO:colcon.colcon_notification.desktop_notification:Sending desktop notification using 'notify2'
[0.677s] DEBUG:colcon.colcon_core.event_reactor:joined thread
[0.678s] INFO:colcon.colcon_core.shell:Creating prefix script '/home/risksis/Documents/intern/risksis-intern/BD/camera/ROS_driver/install/local_setup.ps1'
[0.680s] INFO:colcon.colcon_core.shell:Creating prefix util module '/home/risksis/Documents/intern/risksis-intern/BD/camera/ROS_driver/install/_local_setup_util_ps1.py'
[0.683s] INFO:colcon.colcon_core.shell:Creating prefix chain script '/home/risksis/Documents/intern/risksis-intern/BD/camera/ROS_driver/install/setup.ps1'
[0.687s] INFO:colcon.colcon_core.shell:Creating prefix script '/home/risksis/Documents/intern/risksis-intern/BD/camera/ROS_driver/install/local_setup.sh'
[0.688s] INFO:colcon.colcon_core.shell:Creating prefix util module '/home/risksis/Documents/intern/risksis-intern/BD/camera/ROS_driver/install/_local_setup_util_sh.py'
[0.690s] INFO:colcon.colcon_core.shell:Creating prefix chain script '/home/risksis/Documents/intern/risksis-intern/BD/camera/ROS_driver/install/setup.sh'
[0.693s] INFO:colcon.colcon_core.shell:Creating prefix script '/home/risksis/Documents/intern/risksis-intern/BD/camera/ROS_driver/install/local_setup.bash'
[0.694s] INFO:colcon.colcon_core.shell:Creating prefix chain script '/home/risksis/Documents/intern/risksis-intern/BD/camera/ROS_driver/install/setup.bash'
[0.696s] INFO:colcon.colcon_core.shell:Creating prefix script '/home/risksis/Documents/intern/risksis-intern/BD/camera/ROS_driver/install/local_setup.zsh'
[0.698s] INFO:colcon.colcon_core.shell:Creating prefix chain script '/home/risksis/Documents/intern/risksis-intern/BD/camera/ROS_driver/install/setup.zsh'
