[0.015s] Invoking command in '/home/risksis/Documents/intern/risksis-intern/BD/camera/ROS_driver/build/mvs_ros_driver': CMAKE_PREFIX_PATH=${CMAKE_PREFIX_PATH}:/opt/ros/humble /usr/bin/cmake /home/risksis/Documents/intern/risksis-intern/BD/camera/ROS_driver/mvs_ros_driver -DBUILD_CPU_ONLY=ON -DAMENT_CMAKE_SYMLINK_INSTALL=1 -DCMAKE_INSTALL_PREFIX=/home/risksis/Documents/intern/risksis-intern/BD/camera/ROS_driver/install/mvs_ros_driver
[0.036s] -- Running on x86_64
[0.036s] -- Found ament_cmake: 1.3.14 (/opt/ros/humble/share/ament_cmake/cmake)
[0.222s] -- Override CMake install command with custom implementation using symlinks instead of copying resources
[0.231s] -- Found rclcpp: 16.0.19 (/opt/ros/humble/share/rclcpp/cmake)
[0.279s] -- Found rosidl_generator_c: 3.1.9 (/opt/ros/humble/share/rosidl_generator_c/cmake)
[0.282s] -- Found rosidl_adapter: 3.1.9 (/opt/ros/humble/share/rosidl_adapter/cmake)
[0.292s] -- Found rosidl_generator_cpp: 3.1.9 (/opt/ros/humble/share/rosidl_generator_cpp/cmake)
[0.306s] -- Using all available rosidl_typesupport_c: rosidl_typesupport_fastrtps_c;rosidl_typesupport_introspection_c
[0.322s] -- Using all available rosidl_typesupport_cpp: rosidl_typesupport_fastrtps_cpp;rosidl_typesupport_introspection_cpp
[0.366s] -- Found rmw_implementation_cmake: 6.1.2 (/opt/ros/humble/share/rmw_implementation_cmake/cmake)
[0.368s] -- Found rmw_fastrtps_cpp: 6.2.10 (/opt/ros/humble/share/rmw_fastrtps_cpp/cmake)
[0.504s] -- Using RMW implementation 'rmw_fastrtps_cpp' as default
[0.602s] -- Found cv_bridge: 3.2.1 (/opt/ros/humble/share/cv_bridge/cmake)
[0.661s] -- Found image_transport: 3.1.13 (/opt/ros/humble/share/image_transport/cmake)
[0.687s] -- === CPU-ONLY MODE: OpenCV CPU + MVS SDK only ===
[0.689s] -- OpenCV version: 4.5.4 (system)
[0.805s] -- Configuring done
[0.840s] -- Generating done
[0.848s] -- Build files have been written to: /home/risksis/Documents/intern/risksis-intern/BD/camera/ROS_driver/build/mvs_ros_driver
[0.865s] Invoked command in '/home/risksis/Documents/intern/risksis-intern/BD/camera/ROS_driver/build/mvs_ros_driver' returned '0': CMAKE_PREFIX_PATH=${CMAKE_PREFIX_PATH}:/opt/ros/humble /usr/bin/cmake /home/risksis/Documents/intern/risksis-intern/BD/camera/ROS_driver/mvs_ros_driver -DBUILD_CPU_ONLY=ON -DAMENT_CMAKE_SYMLINK_INSTALL=1 -DCMAKE_INSTALL_PREFIX=/home/risksis/Documents/intern/risksis-intern/BD/camera/ROS_driver/install/mvs_ros_driver
[0.866s] Invoking command in '/home/risksis/Documents/intern/risksis-intern/BD/camera/ROS_driver/build/mvs_ros_driver': CMAKE_PREFIX_PATH=${CMAKE_PREFIX_PATH}:/opt/ros/humble /usr/bin/cmake --build /home/risksis/Documents/intern/risksis-intern/BD/camera/ROS_driver/build/mvs_ros_driver -- -j4 -l4
[0.920s] [35m[1mConsolidate compiler generated dependencies of target grabImgWithTriggerCPU[0m
[0.948s] [ 50%] Built target grabImgWithTriggerCPU
[0.964s] [35m[1mConsolidate compiler generated dependencies of target test_CPU_grab[0m
[0.991s] [100%] Built target test_CPU_grab
[1.008s] Invoked command in '/home/risksis/Documents/intern/risksis-intern/BD/camera/ROS_driver/build/mvs_ros_driver' returned '0': CMAKE_PREFIX_PATH=${CMAKE_PREFIX_PATH}:/opt/ros/humble /usr/bin/cmake --build /home/risksis/Documents/intern/risksis-intern/BD/camera/ROS_driver/build/mvs_ros_driver -- -j4 -l4
[1.024s] Invoking command in '/home/risksis/Documents/intern/risksis-intern/BD/camera/ROS_driver/build/mvs_ros_driver': CMAKE_PREFIX_PATH=${CMAKE_PREFIX_PATH}:/opt/ros/humble /usr/bin/cmake --install /home/risksis/Documents/intern/risksis-intern/BD/camera/ROS_driver/build/mvs_ros_driver
[1.035s] -- Install configuration: ""
[1.035s] -- Execute custom install script
[1.035s] -- Up-to-date symlink: /home/risksis/Documents/intern/risksis-intern/BD/camera/ROS_driver/install/mvs_ros_driver/lib/mvs_ros_driver/grabImgWithTriggerCPU
[1.035s] -- Up-to-date symlink: /home/risksis/Documents/intern/risksis-intern/BD/camera/ROS_driver/install/mvs_ros_driver/lib/mvs_ros_driver/test_CPU_grab
[1.036s] -- Up-to-date symlink: /home/risksis/Documents/intern/risksis-intern/BD/camera/ROS_driver/install/mvs_ros_driver/share/mvs_ros_driver/config/DA4930148.yaml
[1.036s] -- Up-to-date symlink: /home/risksis/Documents/intern/risksis-intern/BD/camera/ROS_driver/install/mvs_ros_driver/share/mvs_ros_driver/config/DA5148680.yaml
[1.036s] -- Up-to-date symlink: /home/risksis/Documents/intern/risksis-intern/BD/camera/ROS_driver/install/mvs_ros_driver/share/mvs_ros_driver/config/DA5148683.yaml
[1.037s] -- Up-to-date symlink: /home/risksis/Documents/intern/risksis-intern/BD/camera/ROS_driver/install/mvs_ros_driver/share/mvs_ros_driver/config/DA5324645.yaml
[1.037s] -- Up-to-date symlink: /home/risksis/Documents/intern/risksis-intern/BD/camera/ROS_driver/install/mvs_ros_driver/share/mvs_ros_driver/config/DA5324655.yaml
[1.037s] -- Up-to-date symlink: /home/risksis/Documents/intern/risksis-intern/BD/camera/ROS_driver/install/mvs_ros_driver/share/mvs_ros_driver/config/DA6102933.yaml
[1.037s] -- Symlinking: /home/risksis/Documents/intern/risksis-intern/BD/camera/ROS_driver/install/mvs_ros_driver/share/mvs_ros_driver/config/DB1597645.yaml
[1.057s] -- Up-to-date symlink: /home/risksis/Documents/intern/risksis-intern/BD/camera/ROS_driver/install/mvs_ros_driver/share/mvs_ros_driver/config/DB1597646.yaml
[1.057s] -- Up-to-date symlink: /home/risksis/Documents/intern/risksis-intern/BD/camera/ROS_driver/install/mvs_ros_driver/share/mvs_ros_driver/config/left_camera_trigger.yaml
[1.058s] -- Up-to-date symlink: /home/risksis/Documents/intern/risksis-intern/BD/camera/ROS_driver/install/mvs_ros_driver/share/mvs_ros_driver/config/right_camera_trigger.yaml
[1.058s] -- Up-to-date symlink: /home/risksis/Documents/intern/risksis-intern/BD/camera/ROS_driver/install/mvs_ros_driver/share/mvs_ros_driver/rviz_cfg/mvs_camera.rviz
[1.058s] -- Up-to-date symlink: /home/risksis/Documents/intern/risksis-intern/BD/camera/ROS_driver/install/mvs_ros_driver/share/ament_index/resource_index/package_run_dependencies/mvs_ros_driver
[1.059s] -- Up-to-date symlink: /home/risksis/Documents/intern/risksis-intern/BD/camera/ROS_driver/install/mvs_ros_driver/share/ament_index/resource_index/parent_prefix_path/mvs_ros_driver
[1.060s] -- Up-to-date symlink: /home/risksis/Documents/intern/risksis-intern/BD/camera/ROS_driver/install/mvs_ros_driver/share/mvs_ros_driver/environment/ament_prefix_path.sh
[1.060s] -- Up-to-date symlink: /home/risksis/Documents/intern/risksis-intern/BD/camera/ROS_driver/install/mvs_ros_driver/share/mvs_ros_driver/environment/ament_prefix_path.dsv
[1.060s] -- Up-to-date symlink: /home/risksis/Documents/intern/risksis-intern/BD/camera/ROS_driver/install/mvs_ros_driver/share/mvs_ros_driver/environment/path.sh
[1.061s] -- Up-to-date symlink: /home/risksis/Documents/intern/risksis-intern/BD/camera/ROS_driver/install/mvs_ros_driver/share/mvs_ros_driver/environment/path.dsv
[1.061s] -- Up-to-date symlink: /home/risksis/Documents/intern/risksis-intern/BD/camera/ROS_driver/install/mvs_ros_driver/share/mvs_ros_driver/local_setup.bash
[1.061s] -- Up-to-date symlink: /home/risksis/Documents/intern/risksis-intern/BD/camera/ROS_driver/install/mvs_ros_driver/share/mvs_ros_driver/local_setup.sh
[1.062s] -- Up-to-date symlink: /home/risksis/Documents/intern/risksis-intern/BD/camera/ROS_driver/install/mvs_ros_driver/share/mvs_ros_driver/local_setup.zsh
[1.062s] -- Up-to-date symlink: /home/risksis/Documents/intern/risksis-intern/BD/camera/ROS_driver/install/mvs_ros_driver/share/mvs_ros_driver/local_setup.dsv
[1.063s] -- Symlinking: /home/risksis/Documents/intern/risksis-intern/BD/camera/ROS_driver/install/mvs_ros_driver/share/mvs_ros_driver/package.dsv
[1.079s] -- Up-to-date symlink: /home/risksis/Documents/intern/risksis-intern/BD/camera/ROS_driver/install/mvs_ros_driver/share/ament_index/resource_index/packages/mvs_ros_driver
[1.079s] -- Up-to-date symlink: /home/risksis/Documents/intern/risksis-intern/BD/camera/ROS_driver/install/mvs_ros_driver/share/mvs_ros_driver/cmake/mvs_ros_driverConfig.cmake
[1.080s] -- Up-to-date symlink: /home/risksis/Documents/intern/risksis-intern/BD/camera/ROS_driver/install/mvs_ros_driver/share/mvs_ros_driver/cmake/mvs_ros_driverConfig-version.cmake
[1.080s] -- Up-to-date symlink: /home/risksis/Documents/intern/risksis-intern/BD/camera/ROS_driver/install/mvs_ros_driver/share/mvs_ros_driver/package.xml
[1.080s] -- Up-to-date: /home/risksis/Documents/intern/risksis-intern/BD/camera/ROS_driver/install/mvs_ros_driver/share/mvs_ros_driver/launch
[1.081s] -- Up-to-date: /home/risksis/Documents/intern/risksis-intern/BD/camera/ROS_driver/install/mvs_ros_driver/share/mvs_ros_driver/launch/mvs_multi_cam.launch.py
[1.081s] -- Installing: /home/risksis/Documents/intern/risksis-intern/BD/camera/ROS_driver/install/mvs_ros_driver/share/mvs_ros_driver/launch/my_two_cam.launch.py
[1.081s] -- Up-to-date: /home/risksis/Documents/intern/risksis-intern/BD/camera/ROS_driver/install/mvs_ros_driver/share/mvs_ros_driver/launch/hikrobot.launch.py
[1.081s] -- Up-to-date: /home/risksis/Documents/intern/risksis-intern/BD/camera/ROS_driver/install/mvs_ros_driver/share/mvs_ros_driver/launch/mvs_multiple_camera.launch.py
[1.082s] -- Up-to-date: /home/risksis/Documents/intern/risksis-intern/BD/camera/ROS_driver/install/mvs_ros_driver/share/mvs_ros_driver/launch/test_CPU_grab.launch.py
[1.082s] -- Up-to-date: /home/risksis/Documents/intern/risksis-intern/BD/camera/ROS_driver/install/mvs_ros_driver/share/mvs_ros_driver/launch/mvs_camera_trigger.launch.py
[1.082s] -- Up-to-date: /home/risksis/Documents/intern/risksis-intern/BD/camera/ROS_driver/install/mvs_ros_driver/share/mvs_ros_driver/launch/test_cpu.launch.py
[1.086s] Invoked command in '/home/risksis/Documents/intern/risksis-intern/BD/camera/ROS_driver/build/mvs_ros_driver' returned '0': CMAKE_PREFIX_PATH=${CMAKE_PREFIX_PATH}:/opt/ros/humble /usr/bin/cmake --install /home/risksis/Documents/intern/risksis-intern/BD/camera/ROS_driver/build/mvs_ros_driver
