[0.166s] DEBUG:colcon:Command line arguments: ['/usr/bin/colcon', 'build', '--packages-select', 'mvs_ros_driver', '--cmake-args', '-DBUILD_CPU_ONLY=ON']
[0.166s] DEBUG:colcon:Parsed command line arguments: Namespace(log_base=None, log_level=None, verb_name='build', build_base='build', install_base='install', merge_install=False, symlink_install=False, test_result_base=None, continue_on_error=False, executor='parallel', parallel_workers=4, event_handlers=None, ignore_user_meta=False, metas=['./colcon.meta'], base_paths=['.'], packages_ignore=None, packages_ignore_regex=None, paths=None, packages_up_to=None, packages_up_to_regex=None, packages_above=None, packages_above_and_dependencies=None, packages_above_depth=None, packages_select_by_dep=None, packages_skip_by_dep=None, packages_skip_up_to=None, packages_select_build_failed=False, packages_skip_build_finished=False, packages_select_test_failures=False, packages_skip_test_passed=False, packages_select=['mvs_ros_driver'], packages_skip=None, packages_select_regex=None, packages_skip_regex=None, packages_start=None, packages_end=None, allow_overriding=[], cmake_args=['-DBUILD_CPU_ONLY=ON'], cmake_target=None, cmake_target_skip_unavailable=False, cmake_clean_cache=False, cmake_clean_first=False, cmake_force_configure=False, ament_cmake_args=None, catkin_cmake_args=None, catkin_skip_building_tests=False, mixin_files=None, mixin=None, verb_parser=<colcon_mixin.mixin.mixin_argument.MixinArgumentDecorator object at 0x7072f5b73310>, verb_extension=<colcon_core.verb.build.BuildVerb object at 0x7072f5b72b90>, main=<bound method BuildVerb.main of <colcon_core.verb.build.BuildVerb object at 0x7072f5b72b90>>, mixin_verb=('build',))
[0.229s] Level 1:colcon.colcon_core.package_discovery:discover_packages(colcon_meta) check parameters
[0.229s] Level 1:colcon.colcon_core.package_discovery:discover_packages(recursive) check parameters
[0.230s] Level 1:colcon.colcon_core.package_discovery:discover_packages(ignore) check parameters
[0.230s] Level 1:colcon.colcon_core.package_discovery:discover_packages(path) check parameters
[0.230s] Level 1:colcon.colcon_core.package_discovery:discover_packages(colcon_meta) discover
[0.230s] Level 1:colcon.colcon_core.package_discovery:discover_packages(recursive) discover
[0.230s] INFO:colcon.colcon_core.package_discovery:Crawling recursively for packages in '/home/risksis/Documents/intern/risksis-intern/BD/camera/ROS_driver'
[0.230s] Level 1:colcon.colcon_core.package_identification:_identify(.) by extensions ['ignore', 'ignore_ament_install']
[0.230s] Level 1:colcon.colcon_core.package_identification:_identify(.) by extension 'ignore'
[0.231s] Level 1:colcon.colcon_core.package_identification:_identify(.) by extension 'ignore_ament_install'
[0.231s] Level 1:colcon.colcon_core.package_identification:_identify(.) by extensions ['colcon_pkg']
[0.231s] Level 1:colcon.colcon_core.package_identification:_identify(.) by extension 'colcon_pkg'
[0.231s] Level 1:colcon.colcon_core.package_identification:_identify(.) by extensions ['colcon_meta']
[0.231s] Level 1:colcon.colcon_core.package_identification:_identify(.) by extension 'colcon_meta'
[0.231s] Level 1:colcon.colcon_core.package_identification:_identify(.) by extensions ['ros']
[0.231s] Level 1:colcon.colcon_core.package_identification:_identify(.) by extension 'ros'
[0.254s] Level 1:colcon.colcon_core.package_identification:_identify(.) by extensions ['cmake', 'python']
[0.254s] Level 1:colcon.colcon_core.package_identification:_identify(.) by extension 'cmake'
[0.254s] Level 1:colcon.colcon_core.package_identification:_identify(.) by extension 'python'
[0.255s] Level 1:colcon.colcon_core.package_identification:_identify(.) by extensions ['python_setup_py']
[0.255s] Level 1:colcon.colcon_core.package_identification:_identify(.) by extension 'python_setup_py'
[0.255s] Level 1:colcon.colcon_core.package_identification:_identify(_archived_source) by extensions ['ignore', 'ignore_ament_install']
[0.255s] Level 1:colcon.colcon_core.package_identification:_identify(_archived_source) by extension 'ignore'
[0.255s] Level 1:colcon.colcon_core.package_identification:_identify(_archived_source) by extension 'ignore_ament_install'
[0.255s] Level 1:colcon.colcon_core.package_identification:_identify(_archived_source) by extensions ['colcon_pkg']
[0.255s] Level 1:colcon.colcon_core.package_identification:_identify(_archived_source) by extension 'colcon_pkg'
[0.255s] Level 1:colcon.colcon_core.package_identification:_identify(_archived_source) by extensions ['colcon_meta']
[0.255s] Level 1:colcon.colcon_core.package_identification:_identify(_archived_source) by extension 'colcon_meta'
[0.255s] Level 1:colcon.colcon_core.package_identification:_identify(_archived_source) by extensions ['ros']
[0.255s] Level 1:colcon.colcon_core.package_identification:_identify(_archived_source) by extension 'ros'
[0.256s] Level 1:colcon.colcon_core.package_identification:_identify(_archived_source) by extensions ['cmake', 'python']
[0.256s] Level 1:colcon.colcon_core.package_identification:_identify(_archived_source) by extension 'cmake'
[0.256s] Level 1:colcon.colcon_core.package_identification:_identify(_archived_source) by extension 'python'
[0.256s] Level 1:colcon.colcon_core.package_identification:_identify(_archived_source) by extensions ['python_setup_py']
[0.256s] Level 1:colcon.colcon_core.package_identification:_identify(_archived_source) by extension 'python_setup_py'
[0.256s] Level 1:colcon.colcon_core.package_identification:_identify(build) by extensions ['ignore', 'ignore_ament_install']
[0.256s] Level 1:colcon.colcon_core.package_identification:_identify(build) by extension 'ignore'
[0.256s] Level 1:colcon.colcon_core.package_identification:_identify(build) ignored
[0.257s] Level 1:colcon.colcon_core.package_identification:_identify(install) by extensions ['ignore', 'ignore_ament_install']
[0.257s] Level 1:colcon.colcon_core.package_identification:_identify(install) by extension 'ignore'
[0.257s] Level 1:colcon.colcon_core.package_identification:_identify(install) ignored
[0.257s] Level 1:colcon.colcon_core.package_identification:_identify(log) by extensions ['ignore', 'ignore_ament_install']
[0.257s] Level 1:colcon.colcon_core.package_identification:_identify(log) by extension 'ignore'
[0.258s] Level 1:colcon.colcon_core.package_identification:_identify(log) ignored
[0.258s] Level 1:colcon.colcon_core.package_identification:_identify(mvs_ros_driver) by extensions ['ignore', 'ignore_ament_install']
[0.258s] Level 1:colcon.colcon_core.package_identification:_identify(mvs_ros_driver) by extension 'ignore'
[0.258s] Level 1:colcon.colcon_core.package_identification:_identify(mvs_ros_driver) by extension 'ignore_ament_install'
[0.258s] Level 1:colcon.colcon_core.package_identification:_identify(mvs_ros_driver) by extensions ['colcon_pkg']
[0.258s] Level 1:colcon.colcon_core.package_identification:_identify(mvs_ros_driver) by extension 'colcon_pkg'
[0.258s] Level 1:colcon.colcon_core.package_identification:_identify(mvs_ros_driver) by extensions ['colcon_meta']
[0.259s] Level 1:colcon.colcon_core.package_identification:_identify(mvs_ros_driver) by extension 'colcon_meta'
[0.259s] Level 1:colcon.colcon_core.package_identification:_identify(mvs_ros_driver) by extensions ['ros']
[0.259s] Level 1:colcon.colcon_core.package_identification:_identify(mvs_ros_driver) by extension 'ros'
[0.264s] DEBUG:colcon.colcon_core.package_identification:Package 'mvs_ros_driver' with type 'ros.ament_cmake' and name 'mvs_ros_driver'
[0.264s] Level 1:colcon.colcon_core.package_identification:_identify(src) by extensions ['ignore', 'ignore_ament_install']
[0.264s] Level 1:colcon.colcon_core.package_identification:_identify(src) by extension 'ignore'
[0.264s] Level 1:colcon.colcon_core.package_identification:_identify(src) by extension 'ignore_ament_install'
[0.264s] Level 1:colcon.colcon_core.package_identification:_identify(src) by extensions ['colcon_pkg']
[0.264s] Level 1:colcon.colcon_core.package_identification:_identify(src) by extension 'colcon_pkg'
[0.265s] Level 1:colcon.colcon_core.package_identification:_identify(src) by extensions ['colcon_meta']
[0.265s] Level 1:colcon.colcon_core.package_identification:_identify(src) by extension 'colcon_meta'
[0.265s] Level 1:colcon.colcon_core.package_identification:_identify(src) by extensions ['ros']
[0.265s] Level 1:colcon.colcon_core.package_identification:_identify(src) by extension 'ros'
[0.265s] Level 1:colcon.colcon_core.package_identification:_identify(src) by extensions ['cmake', 'python']
[0.265s] Level 1:colcon.colcon_core.package_identification:_identify(src) by extension 'cmake'
[0.265s] Level 1:colcon.colcon_core.package_identification:_identify(src) by extension 'python'
[0.265s] Level 1:colcon.colcon_core.package_identification:_identify(src) by extensions ['python_setup_py']
[0.265s] Level 1:colcon.colcon_core.package_identification:_identify(src) by extension 'python_setup_py'
[0.265s] Level 1:colcon.colcon_core.package_discovery:discover_packages(recursive) using defaults
[0.265s] Level 1:colcon.colcon_core.package_discovery:discover_packages(ignore) discover
[0.265s] Level 1:colcon.colcon_core.package_discovery:discover_packages(ignore) using defaults
[0.265s] Level 1:colcon.colcon_core.package_discovery:discover_packages(path) discover
[0.265s] Level 1:colcon.colcon_core.package_discovery:discover_packages(path) using defaults
[0.299s] Level 1:colcon.colcon_core.package_discovery:discover_packages(prefix_path) check parameters
[0.299s] Level 1:colcon.colcon_core.package_discovery:discover_packages(prefix_path) discover
[0.302s] DEBUG:colcon.colcon_installed_package_information.package_discovery:Found 223 installed packages in /opt/ros/humble
[0.304s] Level 1:colcon.colcon_core.package_discovery:discover_packages(prefix_path) using defaults
[0.345s] Level 5:colcon.colcon_core.verb:set package 'mvs_ros_driver' build argument 'cmake_args' from command line to '['-DBUILD_CPU_ONLY=ON']'
[0.345s] Level 5:colcon.colcon_core.verb:set package 'mvs_ros_driver' build argument 'cmake_target' from command line to 'None'
[0.345s] Level 5:colcon.colcon_core.verb:set package 'mvs_ros_driver' build argument 'cmake_target_skip_unavailable' from command line to 'False'
[0.345s] Level 5:colcon.colcon_core.verb:set package 'mvs_ros_driver' build argument 'cmake_clean_cache' from command line to 'False'
[0.345s] Level 5:colcon.colcon_core.verb:set package 'mvs_ros_driver' build argument 'cmake_clean_first' from command line to 'False'
[0.345s] Level 5:colcon.colcon_core.verb:set package 'mvs_ros_driver' build argument 'cmake_force_configure' from command line to 'False'
[0.345s] Level 5:colcon.colcon_core.verb:set package 'mvs_ros_driver' build argument 'ament_cmake_args' from command line to 'None'
[0.346s] Level 5:colcon.colcon_core.verb:set package 'mvs_ros_driver' build argument 'catkin_cmake_args' from command line to 'None'
[0.346s] Level 5:colcon.colcon_core.verb:set package 'mvs_ros_driver' build argument 'catkin_skip_building_tests' from command line to 'False'
[0.346s] DEBUG:colcon.colcon_core.verb:Building package 'mvs_ros_driver' with the following arguments: {'ament_cmake_args': None, 'build_base': '/home/risksis/Documents/intern/risksis-intern/BD/camera/ROS_driver/build/mvs_ros_driver', 'catkin_cmake_args': None, 'catkin_skip_building_tests': False, 'cmake_args': ['-DBUILD_CPU_ONLY=ON'], 'cmake_clean_cache': False, 'cmake_clean_first': False, 'cmake_force_configure': False, 'cmake_target': None, 'cmake_target_skip_unavailable': False, 'install_base': '/home/risksis/Documents/intern/risksis-intern/BD/camera/ROS_driver/install/mvs_ros_driver', 'merge_install': False, 'path': '/home/risksis/Documents/intern/risksis-intern/BD/camera/ROS_driver/mvs_ros_driver', 'symlink_install': False, 'test_result_base': None}
[0.346s] INFO:colcon.colcon_core.executor:Executing jobs using 'parallel' executor
[0.347s] DEBUG:colcon.colcon_parallel_executor.executor.parallel:run_until_complete
[0.348s] INFO:colcon.colcon_ros.task.ament_cmake.build:Building ROS package in '/home/risksis/Documents/intern/risksis-intern/BD/camera/ROS_driver/mvs_ros_driver' with build type 'ament_cmake'
[0.348s] INFO:colcon.colcon_cmake.task.cmake.build:Building CMake package in '/home/risksis/Documents/intern/risksis-intern/BD/camera/ROS_driver/mvs_ros_driver'
[0.351s] INFO:colcon.colcon_core.plugin_system:Skipping extension 'colcon_core.shell.bat': Not used on non-Windows systems
[0.351s] INFO:colcon.colcon_core.shell:Skip shell extension 'powershell' for command environment: Not usable outside of PowerShell
[0.351s] DEBUG:colcon.colcon_core.shell:Skip shell extension 'dsv' for command environment
[0.362s] DEBUG:colcon.colcon_core.event_handler.log_command:Invoking command in '/home/risksis/Documents/intern/risksis-intern/BD/camera/ROS_driver/build/mvs_ros_driver': CMAKE_PREFIX_PATH=/opt/ros/humble /usr/bin/cmake /home/risksis/Documents/intern/risksis-intern/BD/camera/ROS_driver/mvs_ros_driver -DBUILD_CPU_ONLY=ON -DCMAKE_INSTALL_PREFIX=/home/risksis/Documents/intern/risksis-intern/BD/camera/ROS_driver/install/mvs_ros_driver
[1.266s] DEBUG:colcon.colcon_core.event_handler.log_command:Invoked command in '/home/risksis/Documents/intern/risksis-intern/BD/camera/ROS_driver/build/mvs_ros_driver' returned '0': CMAKE_PREFIX_PATH=/opt/ros/humble /usr/bin/cmake /home/risksis/Documents/intern/risksis-intern/BD/camera/ROS_driver/mvs_ros_driver -DBUILD_CPU_ONLY=ON -DCMAKE_INSTALL_PREFIX=/home/risksis/Documents/intern/risksis-intern/BD/camera/ROS_driver/install/mvs_ros_driver
[1.268s] DEBUG:colcon.colcon_core.event_handler.log_command:Invoking command in '/home/risksis/Documents/intern/risksis-intern/BD/camera/ROS_driver/build/mvs_ros_driver': CMAKE_PREFIX_PATH=/opt/ros/humble /usr/bin/cmake --build /home/risksis/Documents/intern/risksis-intern/BD/camera/ROS_driver/build/mvs_ros_driver -- -j4 -l4
[10.249s] DEBUG:colcon.colcon_core.event_handler.log_command:Invoked command in '/home/risksis/Documents/intern/risksis-intern/BD/camera/ROS_driver/build/mvs_ros_driver' returned '0': CMAKE_PREFIX_PATH=/opt/ros/humble /usr/bin/cmake --build /home/risksis/Documents/intern/risksis-intern/BD/camera/ROS_driver/build/mvs_ros_driver -- -j4 -l4
[10.265s] DEBUG:colcon.colcon_core.event_handler.log_command:Invoking command in '/home/risksis/Documents/intern/risksis-intern/BD/camera/ROS_driver/build/mvs_ros_driver': CMAKE_PREFIX_PATH=/opt/ros/humble /usr/bin/cmake --install /home/risksis/Documents/intern/risksis-intern/BD/camera/ROS_driver/build/mvs_ros_driver
[10.332s] Level 1:colcon.colcon_core.environment:create_environment_scripts_only(mvs_ros_driver)
[10.334s] DEBUG:colcon.colcon_core.event_handler.log_command:Invoked command in '/home/risksis/Documents/intern/risksis-intern/BD/camera/ROS_driver/build/mvs_ros_driver' returned '0': CMAKE_PREFIX_PATH=/opt/ros/humble /usr/bin/cmake --install /home/risksis/Documents/intern/risksis-intern/BD/camera/ROS_driver/build/mvs_ros_driver
[10.338s] Level 1:colcon.colcon_core.environment:checking '/home/risksis/Documents/intern/risksis-intern/BD/camera/ROS_driver/install/mvs_ros_driver' for CMake module files
[10.339s] Level 1:colcon.colcon_core.environment:checking '/home/risksis/Documents/intern/risksis-intern/BD/camera/ROS_driver/install/mvs_ros_driver' for CMake config files
[10.340s] Level 1:colcon.colcon_core.shell:create_environment_hook('mvs_ros_driver', 'cmake_prefix_path')
[10.341s] INFO:colcon.colcon_core.shell:Creating environment hook '/home/risksis/Documents/intern/risksis-intern/BD/camera/ROS_driver/install/mvs_ros_driver/share/mvs_ros_driver/hook/cmake_prefix_path.ps1'
[10.343s] INFO:colcon.colcon_core.shell:Creating environment descriptor '/home/risksis/Documents/intern/risksis-intern/BD/camera/ROS_driver/install/mvs_ros_driver/share/mvs_ros_driver/hook/cmake_prefix_path.dsv'
[10.344s] INFO:colcon.colcon_core.shell:Creating environment hook '/home/risksis/Documents/intern/risksis-intern/BD/camera/ROS_driver/install/mvs_ros_driver/share/mvs_ros_driver/hook/cmake_prefix_path.sh'
[10.346s] Level 1:colcon.colcon_core.environment:checking '/home/risksis/Documents/intern/risksis-intern/BD/camera/ROS_driver/install/mvs_ros_driver/lib'
[10.346s] Level 1:colcon.colcon_core.environment:checking '/home/risksis/Documents/intern/risksis-intern/BD/camera/ROS_driver/install/mvs_ros_driver/bin'
[10.346s] Level 1:colcon.colcon_core.environment:checking '/home/risksis/Documents/intern/risksis-intern/BD/camera/ROS_driver/install/mvs_ros_driver/lib/pkgconfig/mvs_ros_driver.pc'
[10.347s] Level 1:colcon.colcon_core.environment:checking '/home/risksis/Documents/intern/risksis-intern/BD/camera/ROS_driver/install/mvs_ros_driver/lib/python3.10/site-packages'
[10.347s] Level 1:colcon.colcon_core.environment:checking '/home/risksis/Documents/intern/risksis-intern/BD/camera/ROS_driver/install/mvs_ros_driver/bin'
[10.348s] INFO:colcon.colcon_core.shell:Creating package script '/home/risksis/Documents/intern/risksis-intern/BD/camera/ROS_driver/install/mvs_ros_driver/share/mvs_ros_driver/package.ps1'
[10.354s] INFO:colcon.colcon_core.shell:Creating package descriptor '/home/risksis/Documents/intern/risksis-intern/BD/camera/ROS_driver/install/mvs_ros_driver/share/mvs_ros_driver/package.dsv'
[10.355s] INFO:colcon.colcon_core.shell:Creating package script '/home/risksis/Documents/intern/risksis-intern/BD/camera/ROS_driver/install/mvs_ros_driver/share/mvs_ros_driver/package.sh'
[10.364s] INFO:colcon.colcon_core.shell:Creating package script '/home/risksis/Documents/intern/risksis-intern/BD/camera/ROS_driver/install/mvs_ros_driver/share/mvs_ros_driver/package.bash'
[10.369s] INFO:colcon.colcon_core.shell:Creating package script '/home/risksis/Documents/intern/risksis-intern/BD/camera/ROS_driver/install/mvs_ros_driver/share/mvs_ros_driver/package.zsh'
[10.373s] Level 1:colcon.colcon_core.environment:create_file_with_runtime_dependencies(/home/risksis/Documents/intern/risksis-intern/BD/camera/ROS_driver/install/mvs_ros_driver/share/colcon-core/packages/mvs_ros_driver)
[10.375s] Level 1:colcon.colcon_core.environment:create_environment_scripts_only(mvs_ros_driver)
[10.375s] Level 1:colcon.colcon_core.environment:checking '/home/risksis/Documents/intern/risksis-intern/BD/camera/ROS_driver/install/mvs_ros_driver' for CMake module files
[10.377s] Level 1:colcon.colcon_core.environment:checking '/home/risksis/Documents/intern/risksis-intern/BD/camera/ROS_driver/install/mvs_ros_driver' for CMake config files
[10.378s] Level 1:colcon.colcon_core.shell:create_environment_hook('mvs_ros_driver', 'cmake_prefix_path')
[10.378s] INFO:colcon.colcon_core.shell:Creating environment hook '/home/risksis/Documents/intern/risksis-intern/BD/camera/ROS_driver/install/mvs_ros_driver/share/mvs_ros_driver/hook/cmake_prefix_path.ps1'
[10.379s] INFO:colcon.colcon_core.shell:Creating environment descriptor '/home/risksis/Documents/intern/risksis-intern/BD/camera/ROS_driver/install/mvs_ros_driver/share/mvs_ros_driver/hook/cmake_prefix_path.dsv'
[10.380s] INFO:colcon.colcon_core.shell:Creating environment hook '/home/risksis/Documents/intern/risksis-intern/BD/camera/ROS_driver/install/mvs_ros_driver/share/mvs_ros_driver/hook/cmake_prefix_path.sh'
[10.383s] Level 1:colcon.colcon_core.environment:checking '/home/risksis/Documents/intern/risksis-intern/BD/camera/ROS_driver/install/mvs_ros_driver/lib'
[10.383s] Level 1:colcon.colcon_core.environment:checking '/home/risksis/Documents/intern/risksis-intern/BD/camera/ROS_driver/install/mvs_ros_driver/bin'
[10.384s] Level 1:colcon.colcon_core.environment:checking '/home/risksis/Documents/intern/risksis-intern/BD/camera/ROS_driver/install/mvs_ros_driver/lib/pkgconfig/mvs_ros_driver.pc'
[10.384s] Level 1:colcon.colcon_core.environment:checking '/home/risksis/Documents/intern/risksis-intern/BD/camera/ROS_driver/install/mvs_ros_driver/lib/python3.10/site-packages'
[10.385s] Level 1:colcon.colcon_core.environment:checking '/home/risksis/Documents/intern/risksis-intern/BD/camera/ROS_driver/install/mvs_ros_driver/bin'
[10.386s] INFO:colcon.colcon_core.shell:Creating package script '/home/risksis/Documents/intern/risksis-intern/BD/camera/ROS_driver/install/mvs_ros_driver/share/mvs_ros_driver/package.ps1'
[10.387s] INFO:colcon.colcon_core.shell:Creating package descriptor '/home/risksis/Documents/intern/risksis-intern/BD/camera/ROS_driver/install/mvs_ros_driver/share/mvs_ros_driver/package.dsv'
[10.389s] INFO:colcon.colcon_core.shell:Creating package script '/home/risksis/Documents/intern/risksis-intern/BD/camera/ROS_driver/install/mvs_ros_driver/share/mvs_ros_driver/package.sh'
[10.390s] INFO:colcon.colcon_core.shell:Creating package script '/home/risksis/Documents/intern/risksis-intern/BD/camera/ROS_driver/install/mvs_ros_driver/share/mvs_ros_driver/package.bash'
[10.391s] INFO:colcon.colcon_core.shell:Creating package script '/home/risksis/Documents/intern/risksis-intern/BD/camera/ROS_driver/install/mvs_ros_driver/share/mvs_ros_driver/package.zsh'
[10.392s] Level 1:colcon.colcon_core.environment:create_file_with_runtime_dependencies(/home/risksis/Documents/intern/risksis-intern/BD/camera/ROS_driver/install/mvs_ros_driver/share/colcon-core/packages/mvs_ros_driver)
[10.394s] DEBUG:colcon.colcon_parallel_executor.executor.parallel:closing loop
[10.394s] DEBUG:colcon.colcon_parallel_executor.executor.parallel:loop closed
[10.394s] DEBUG:colcon.colcon_parallel_executor.executor.parallel:run_until_complete finished with '0'
[10.394s] DEBUG:colcon.colcon_core.event_reactor:joining thread
[10.404s] INFO:colcon.colcon_core.plugin_system:Skipping extension 'colcon_notification.desktop_notification.terminal_notifier': Not used on non-Darwin systems
[10.404s] INFO:colcon.colcon_core.plugin_system:Skipping extension 'colcon_notification.desktop_notification.win32': Not used on non-Windows systems
[10.404s] INFO:colcon.colcon_notification.desktop_notification:Sending desktop notification using 'notify2'
[10.445s] DEBUG:colcon.colcon_core.event_reactor:joined thread
[10.446s] INFO:colcon.colcon_core.shell:Creating prefix script '/home/risksis/Documents/intern/risksis-intern/BD/camera/ROS_driver/install/local_setup.ps1'
[10.455s] INFO:colcon.colcon_core.shell:Creating prefix util module '/home/risksis/Documents/intern/risksis-intern/BD/camera/ROS_driver/install/_local_setup_util_ps1.py'
[10.468s] INFO:colcon.colcon_core.shell:Creating prefix chain script '/home/risksis/Documents/intern/risksis-intern/BD/camera/ROS_driver/install/setup.ps1'
[10.471s] INFO:colcon.colcon_core.shell:Creating prefix script '/home/risksis/Documents/intern/risksis-intern/BD/camera/ROS_driver/install/local_setup.sh'
[10.478s] INFO:colcon.colcon_core.shell:Creating prefix util module '/home/risksis/Documents/intern/risksis-intern/BD/camera/ROS_driver/install/_local_setup_util_sh.py'
[10.486s] INFO:colcon.colcon_core.shell:Creating prefix chain script '/home/risksis/Documents/intern/risksis-intern/BD/camera/ROS_driver/install/setup.sh'
[10.488s] INFO:colcon.colcon_core.shell:Creating prefix script '/home/risksis/Documents/intern/risksis-intern/BD/camera/ROS_driver/install/local_setup.bash'
[10.493s] INFO:colcon.colcon_core.shell:Creating prefix chain script '/home/risksis/Documents/intern/risksis-intern/BD/camera/ROS_driver/install/setup.bash'
[10.500s] INFO:colcon.colcon_core.shell:Creating prefix script '/home/risksis/Documents/intern/risksis-intern/BD/camera/ROS_driver/install/local_setup.zsh'
[10.506s] INFO:colcon.colcon_core.shell:Creating prefix chain script '/home/risksis/Documents/intern/risksis-intern/BD/camera/ROS_driver/install/setup.zsh'
