[0.015s] Invoking command in '/home/risksis/Documents/intern/risksis-intern/BD/camera/ROS_driver/build/mvs_ros_driver': CMAKE_PREFIX_PATH=${CMAKE_PREFIX_PATH}:/opt/ros/humble /usr/bin/cmake --build /home/risksis/Documents/intern/risksis-intern/BD/camera/ROS_driver/build/mvs_ros_driver -- -j4 -l4
[0.097s] [ 50%] Built target grabImgWithTriggerCPU
[0.138s] [100%] Built target test_CPU_grab
[0.161s] Invoked command in '/home/risksis/Documents/intern/risksis-intern/BD/camera/ROS_driver/build/mvs_ros_driver' returned '0': CMAKE_PREFIX_PATH=${CMAKE_PREFIX_PATH}:/opt/ros/humble /usr/bin/cmake --build /home/risksis/Documents/intern/risksis-intern/BD/camera/ROS_driver/build/mvs_ros_driver -- -j4 -l4
[0.182s] Invoking command in '/home/risksis/Documents/intern/risksis-intern/BD/camera/ROS_driver/build/mvs_ros_driver': CMAKE_PREFIX_PATH=${CMAKE_PREFIX_PATH}:/opt/ros/humble /usr/bin/cmake --install /home/risksis/Documents/intern/risksis-intern/BD/camera/ROS_driver/build/mvs_ros_driver
[0.192s] -- Install configuration: ""
[0.193s] -- Execute custom install script
[0.194s] -- Up-to-date symlink: /home/risksis/Documents/intern/risksis-intern/BD/camera/ROS_driver/install/mvs_ros_driver/lib/mvs_ros_driver/grabImgWithTriggerCPU
[0.195s] -- Up-to-date symlink: /home/risksis/Documents/intern/risksis-intern/BD/camera/ROS_driver/install/mvs_ros_driver/lib/mvs_ros_driver/test_CPU_grab
[0.196s] -- Up-to-date symlink: /home/risksis/Documents/intern/risksis-intern/BD/camera/ROS_driver/install/mvs_ros_driver/share/mvs_ros_driver/config/DA4930148.yaml
[0.197s] -- Up-to-date symlink: /home/risksis/Documents/intern/risksis-intern/BD/camera/ROS_driver/install/mvs_ros_driver/share/mvs_ros_driver/config/DA5148680.yaml
[0.197s] -- Up-to-date symlink: /home/risksis/Documents/intern/risksis-intern/BD/camera/ROS_driver/install/mvs_ros_driver/share/mvs_ros_driver/config/DA5148683.yaml
[0.198s] -- Up-to-date symlink: /home/risksis/Documents/intern/risksis-intern/BD/camera/ROS_driver/install/mvs_ros_driver/share/mvs_ros_driver/config/DA5324645.yaml
[0.198s] -- Up-to-date symlink: /home/risksis/Documents/intern/risksis-intern/BD/camera/ROS_driver/install/mvs_ros_driver/share/mvs_ros_driver/config/DA5324655.yaml
[0.199s] -- Up-to-date symlink: /home/risksis/Documents/intern/risksis-intern/BD/camera/ROS_driver/install/mvs_ros_driver/share/mvs_ros_driver/config/DA6102933.yaml
[0.201s] -- Up-to-date symlink: /home/risksis/Documents/intern/risksis-intern/BD/camera/ROS_driver/install/mvs_ros_driver/share/mvs_ros_driver/config/DB1597645.yaml
[0.201s] -- Up-to-date symlink: /home/risksis/Documents/intern/risksis-intern/BD/camera/ROS_driver/install/mvs_ros_driver/share/mvs_ros_driver/config/DB1597646.yaml
[0.202s] -- Up-to-date symlink: /home/risksis/Documents/intern/risksis-intern/BD/camera/ROS_driver/install/mvs_ros_driver/share/mvs_ros_driver/config/left_camera_trigger.yaml
[0.202s] -- Up-to-date symlink: /home/risksis/Documents/intern/risksis-intern/BD/camera/ROS_driver/install/mvs_ros_driver/share/mvs_ros_driver/config/right_camera_trigger.yaml
[0.202s] -- Up-to-date symlink: /home/risksis/Documents/intern/risksis-intern/BD/camera/ROS_driver/install/mvs_ros_driver/share/mvs_ros_driver/rviz_cfg/mvs_camera.rviz
[0.202s] -- Up-to-date symlink: /home/risksis/Documents/intern/risksis-intern/BD/camera/ROS_driver/install/mvs_ros_driver/share/ament_index/resource_index/package_run_dependencies/mvs_ros_driver
[0.202s] -- Up-to-date symlink: /home/risksis/Documents/intern/risksis-intern/BD/camera/ROS_driver/install/mvs_ros_driver/share/ament_index/resource_index/parent_prefix_path/mvs_ros_driver
[0.202s] -- Up-to-date symlink: /home/risksis/Documents/intern/risksis-intern/BD/camera/ROS_driver/install/mvs_ros_driver/share/mvs_ros_driver/environment/ament_prefix_path.sh
[0.204s] -- Up-to-date symlink: /home/risksis/Documents/intern/risksis-intern/BD/camera/ROS_driver/install/mvs_ros_driver/share/mvs_ros_driver/environment/ament_prefix_path.dsv
[0.205s] -- Up-to-date symlink: /home/risksis/Documents/intern/risksis-intern/BD/camera/ROS_driver/install/mvs_ros_driver/share/mvs_ros_driver/environment/path.sh
[0.205s] -- Up-to-date symlink: /home/risksis/Documents/intern/risksis-intern/BD/camera/ROS_driver/install/mvs_ros_driver/share/mvs_ros_driver/environment/path.dsv
[0.205s] -- Up-to-date symlink: /home/risksis/Documents/intern/risksis-intern/BD/camera/ROS_driver/install/mvs_ros_driver/share/mvs_ros_driver/local_setup.bash
[0.205s] -- Up-to-date symlink: /home/risksis/Documents/intern/risksis-intern/BD/camera/ROS_driver/install/mvs_ros_driver/share/mvs_ros_driver/local_setup.sh
[0.205s] -- Up-to-date symlink: /home/risksis/Documents/intern/risksis-intern/BD/camera/ROS_driver/install/mvs_ros_driver/share/mvs_ros_driver/local_setup.zsh
[0.205s] -- Up-to-date symlink: /home/risksis/Documents/intern/risksis-intern/BD/camera/ROS_driver/install/mvs_ros_driver/share/mvs_ros_driver/local_setup.dsv
[0.205s] -- Symlinking: /home/risksis/Documents/intern/risksis-intern/BD/camera/ROS_driver/install/mvs_ros_driver/share/mvs_ros_driver/package.dsv
[0.219s] -- Up-to-date symlink: /home/risksis/Documents/intern/risksis-intern/BD/camera/ROS_driver/install/mvs_ros_driver/share/ament_index/resource_index/packages/mvs_ros_driver
[0.220s] -- Up-to-date symlink: /home/risksis/Documents/intern/risksis-intern/BD/camera/ROS_driver/install/mvs_ros_driver/share/mvs_ros_driver/cmake/mvs_ros_driverConfig.cmake
[0.220s] -- Up-to-date symlink: /home/risksis/Documents/intern/risksis-intern/BD/camera/ROS_driver/install/mvs_ros_driver/share/mvs_ros_driver/cmake/mvs_ros_driverConfig-version.cmake
[0.221s] -- Up-to-date symlink: /home/risksis/Documents/intern/risksis-intern/BD/camera/ROS_driver/install/mvs_ros_driver/share/mvs_ros_driver/package.xml
[0.221s] -- Up-to-date: /home/risksis/Documents/intern/risksis-intern/BD/camera/ROS_driver/install/mvs_ros_driver/share/mvs_ros_driver/launch
[0.221s] -- Up-to-date: /home/risksis/Documents/intern/risksis-intern/BD/camera/ROS_driver/install/mvs_ros_driver/share/mvs_ros_driver/launch/mvs_multi_cam.launch.py
[0.221s] -- Up-to-date: /home/risksis/Documents/intern/risksis-intern/BD/camera/ROS_driver/install/mvs_ros_driver/share/mvs_ros_driver/launch/my_two_cam.launch.py
[0.221s] -- Up-to-date: /home/risksis/Documents/intern/risksis-intern/BD/camera/ROS_driver/install/mvs_ros_driver/share/mvs_ros_driver/launch/my_two_cam_tunable.launch.py
[0.221s] -- Up-to-date: /home/risksis/Documents/intern/risksis-intern/BD/camera/ROS_driver/install/mvs_ros_driver/share/mvs_ros_driver/launch/hikrobot.launch.py
[0.221s] -- Up-to-date: /home/risksis/Documents/intern/risksis-intern/BD/camera/ROS_driver/install/mvs_ros_driver/share/mvs_ros_driver/launch/mvs_multiple_camera.launch.py
[0.221s] -- Up-to-date: /home/risksis/Documents/intern/risksis-intern/BD/camera/ROS_driver/install/mvs_ros_driver/share/mvs_ros_driver/launch/test_CPU_grab.launch.py
[0.221s] -- Up-to-date: /home/risksis/Documents/intern/risksis-intern/BD/camera/ROS_driver/install/mvs_ros_driver/share/mvs_ros_driver/launch/mvs_camera_trigger.launch.py
[0.221s] -- Up-to-date: /home/risksis/Documents/intern/risksis-intern/BD/camera/ROS_driver/install/mvs_ros_driver/share/mvs_ros_driver/launch/test_cpu.launch.py
[0.225s] Invoked command in '/home/risksis/Documents/intern/risksis-intern/BD/camera/ROS_driver/build/mvs_ros_driver' returned '0': CMAKE_PREFIX_PATH=${CMAKE_PREFIX_PATH}:/opt/ros/humble /usr/bin/cmake --install /home/risksis/Documents/intern/risksis-intern/BD/camera/ROS_driver/build/mvs_ros_driver
