-- The C compiler identification is GNU 11.4.0
-- The CXX compiler identification is GNU 11.4.0
-- Detecting C compiler ABI info
-- Detecting C compiler ABI info - done
-- Check for working C compiler: /usr/bin/cc - skipped
-- Detecting C compile features
-- Detecting C compile features - done
-- Detecting CXX compiler ABI info
-- Detecting CXX compiler ABI info - done
-- Check for working CXX compiler: /usr/bin/c++ - skipped
-- Detecting CXX compile features
-- Detecting CXX compile features - done
-- Running on x86_64
-- Found ament_cmake: 1.3.14 (/opt/ros/humble/share/ament_cmake/cmake)
-- Found Python3: /usr/bin/python3 (found version "3.10.12") found components: Interpreter 
-- Override CMake install command with custom implementation using symlinks instead of copying resources
-- Found rclcpp: 16.0.19 (/opt/ros/humble/share/rclcpp/cmake)
-- Found rosidl_generator_c: 3.1.9 (/opt/ros/humble/share/rosidl_generator_c/cmake)
-- Found rosidl_adapter: 3.1.9 (/opt/ros/humble/share/rosidl_adapter/cmake)
-- Found rosidl_generator_cpp: 3.1.9 (/opt/ros/humble/share/rosidl_generator_cpp/cmake)
-- Using all available rosidl_typesupport_c: rosidl_typesupport_fastrtps_c;rosidl_typesupport_introspection_c
-- Using all available rosidl_typesupport_cpp: rosidl_typesupport_fastrtps_cpp;rosidl_typesupport_introspection_cpp
-- Found rmw_implementation_cmake: 6.1.2 (/opt/ros/humble/share/rmw_implementation_cmake/cmake)
-- Found rmw_fastrtps_cpp: 6.2.10 (/opt/ros/humble/share/rmw_fastrtps_cpp/cmake)
-- Found OpenSSL: /usr/lib/x86_64-linux-gnu/libcrypto.so (found version "3.0.2")  
-- Found FastRTPS: /opt/ros/humble/include  
-- Using RMW implementation 'rmw_fastrtps_cpp' as default
-- Looking for pthread.h
-- Looking for pthread.h - found
-- Performing Test CMAKE_HAVE_LIBC_PTHREAD
-- Performing Test CMAKE_HAVE_LIBC_PTHREAD - Success
-- Found Threads: TRUE  
-- Found cv_bridge: 3.2.1 (/opt/ros/humble/share/cv_bridge/cmake)
-- Found image_transport: 3.1.13 (/opt/ros/humble/share/image_transport/cmake)
-- === CPU-ONLY MODE: OpenCV CPU + MVS SDK only ===
-- Found OpenCV: /usr (found version "4.5.4") found components: core imgproc imgcodecs 
-- OpenCV version: 4.5.4 (system)
-- Configuring done
-- Generating done
-- Build files have been written to: /home/risksis/Documents/intern/BD/camera/camera_for_BD/build/mvs_ros_driver
[ 50%] [32mBuilding CXX object CMakeFiles/grabImgWithTriggerCPU.dir/src/grab_trigger_cpu.cpp.o[0m
[ 50%] [32mBuilding CXX object CMakeFiles/test_CPU_grab.dir/src/test_CPU_grab.cpp.o[0m
[ 75%] [32m[1mLinking CXX executable grabImgWithTriggerCPU[0m
[100%] [32m[1mLinking CXX executable test_CPU_grab[0m
[100%] Built target grabImgWithTriggerCPU
[100%] Built target test_CPU_grab
-- Install configuration: ""
-- Execute custom install script
-- Symlinking: /home/risksis/Documents/intern/BD/camera/camera_for_BD/install/mvs_ros_driver/lib/mvs_ros_driver/grabImgWithTriggerCPU
-- Symlinking: /home/risksis/Documents/intern/BD/camera/camera_for_BD/install/mvs_ros_driver/lib/mvs_ros_driver/test_CPU_grab
-- Symlinking: /home/risksis/Documents/intern/BD/camera/camera_for_BD/install/mvs_ros_driver/share/mvs_ros_driver/config/DA4930148.yaml
-- Symlinking: /home/risksis/Documents/intern/BD/camera/camera_for_BD/install/mvs_ros_driver/share/mvs_ros_driver/config/DA5148680.yaml
-- Symlinking: /home/risksis/Documents/intern/BD/camera/camera_for_BD/install/mvs_ros_driver/share/mvs_ros_driver/config/DA5148683.yaml
-- Symlinking: /home/risksis/Documents/intern/BD/camera/camera_for_BD/install/mvs_ros_driver/share/mvs_ros_driver/config/DA5324645.yaml
-- Symlinking: /home/risksis/Documents/intern/BD/camera/camera_for_BD/install/mvs_ros_driver/share/mvs_ros_driver/config/DA5324655.yaml
-- Symlinking: /home/risksis/Documents/intern/BD/camera/camera_for_BD/install/mvs_ros_driver/share/mvs_ros_driver/config/DA6102933.yaml
-- Symlinking: /home/risksis/Documents/intern/BD/camera/camera_for_BD/install/mvs_ros_driver/share/mvs_ros_driver/config/DB1597645.yaml
-- Symlinking: /home/risksis/Documents/intern/BD/camera/camera_for_BD/install/mvs_ros_driver/share/mvs_ros_driver/config/DB1597646.yaml
-- Symlinking: /home/risksis/Documents/intern/BD/camera/camera_for_BD/install/mvs_ros_driver/share/mvs_ros_driver/config/left_camera_trigger.yaml
-- Symlinking: /home/risksis/Documents/intern/BD/camera/camera_for_BD/install/mvs_ros_driver/share/mvs_ros_driver/config/right_camera_trigger.yaml
-- Symlinking: /home/risksis/Documents/intern/BD/camera/camera_for_BD/install/mvs_ros_driver/share/mvs_ros_driver/rviz_cfg/mvs_camera.rviz
-- Symlinking: /home/risksis/Documents/intern/BD/camera/camera_for_BD/install/mvs_ros_driver/share/ament_index/resource_index/package_run_dependencies/mvs_ros_driver
-- Symlinking: /home/risksis/Documents/intern/BD/camera/camera_for_BD/install/mvs_ros_driver/share/ament_index/resource_index/parent_prefix_path/mvs_ros_driver
-- Symlinking: /home/risksis/Documents/intern/BD/camera/camera_for_BD/install/mvs_ros_driver/share/mvs_ros_driver/environment/ament_prefix_path.sh
-- Symlinking: /home/risksis/Documents/intern/BD/camera/camera_for_BD/install/mvs_ros_driver/share/mvs_ros_driver/environment/ament_prefix_path.dsv
-- Symlinking: /home/risksis/Documents/intern/BD/camera/camera_for_BD/install/mvs_ros_driver/share/mvs_ros_driver/environment/path.sh
-- Symlinking: /home/risksis/Documents/intern/BD/camera/camera_for_BD/install/mvs_ros_driver/share/mvs_ros_driver/environment/path.dsv
-- Symlinking: /home/risksis/Documents/intern/BD/camera/camera_for_BD/install/mvs_ros_driver/share/mvs_ros_driver/local_setup.bash
-- Symlinking: /home/risksis/Documents/intern/BD/camera/camera_for_BD/install/mvs_ros_driver/share/mvs_ros_driver/local_setup.sh
-- Symlinking: /home/risksis/Documents/intern/BD/camera/camera_for_BD/install/mvs_ros_driver/share/mvs_ros_driver/local_setup.zsh
-- Symlinking: /home/risksis/Documents/intern/BD/camera/camera_for_BD/install/mvs_ros_driver/share/mvs_ros_driver/local_setup.dsv
-- Symlinking: /home/risksis/Documents/intern/BD/camera/camera_for_BD/install/mvs_ros_driver/share/mvs_ros_driver/package.dsv
-- Symlinking: /home/risksis/Documents/intern/BD/camera/camera_for_BD/install/mvs_ros_driver/share/ament_index/resource_index/packages/mvs_ros_driver
-- Symlinking: /home/risksis/Documents/intern/BD/camera/camera_for_BD/install/mvs_ros_driver/share/mvs_ros_driver/cmake/mvs_ros_driverConfig.cmake
-- Symlinking: /home/risksis/Documents/intern/BD/camera/camera_for_BD/install/mvs_ros_driver/share/mvs_ros_driver/cmake/mvs_ros_driverConfig-version.cmake
-- Symlinking: /home/risksis/Documents/intern/BD/camera/camera_for_BD/install/mvs_ros_driver/share/mvs_ros_driver/package.xml
-- Installing: /home/risksis/Documents/intern/BD/camera/camera_for_BD/install/mvs_ros_driver/share/mvs_ros_driver/launch
-- Installing: /home/risksis/Documents/intern/BD/camera/camera_for_BD/install/mvs_ros_driver/share/mvs_ros_driver/launch/mvs_multi_cam.launch.py
-- Installing: /home/risksis/Documents/intern/BD/camera/camera_for_BD/install/mvs_ros_driver/share/mvs_ros_driver/launch/my_two_cam.launch.py
-- Installing: /home/risksis/Documents/intern/BD/camera/camera_for_BD/install/mvs_ros_driver/share/mvs_ros_driver/launch/my_two_cam_tunable.launch.py
-- Installing: /home/risksis/Documents/intern/BD/camera/camera_for_BD/install/mvs_ros_driver/share/mvs_ros_driver/launch/hikrobot.launch.py
-- Installing: /home/risksis/Documents/intern/BD/camera/camera_for_BD/install/mvs_ros_driver/share/mvs_ros_driver/launch/mvs_multiple_camera.launch.py
-- Installing: /home/risksis/Documents/intern/BD/camera/camera_for_BD/install/mvs_ros_driver/share/mvs_ros_driver/launch/test_CPU_grab.launch.py
-- Installing: /home/risksis/Documents/intern/BD/camera/camera_for_BD/install/mvs_ros_driver/share/mvs_ros_driver/launch/mvs_camera_trigger.launch.py
-- Installing: /home/risksis/Documents/intern/BD/camera/camera_for_BD/install/mvs_ros_driver/share/mvs_ros_driver/launch/test_cpu.launch.py
