[0.010s] Invoking command in '/home/risksis/Documents/intern/BD/camera/camera_for_BD/build/mvs_ros_driver': CMAKE_PREFIX_PATH=/opt/ros/humble /usr/bin/cmake /home/risksis/Documents/intern/BD/camera/camera_for_BD/mvs_ros_driver -DBUILD_CPU_ONLY=ON -DAMENT_CMAKE_SYMLINK_INSTALL=1 -DCMAKE_INSTALL_PREFIX=/home/risksis/Documents/intern/BD/camera/camera_for_BD/install/mvs_ros_driver
[0.062s] -- The C compiler identification is GNU 11.4.0
[0.114s] -- The CXX compiler identification is GNU 11.4.0
[0.121s] -- Detecting C compiler ABI info
[0.187s] -- Detecting C compiler ABI info - done
[0.194s] -- Check for working C compiler: /usr/bin/cc - skipped
[0.195s] -- Detecting C compile features
[0.195s] -- Detecting C compile features - done
[0.198s] -- Detecting CXX compiler ABI info
[0.275s] -- Detecting CXX compiler ABI info - done
[0.283s] -- Check for working CXX compiler: /usr/bin/c++ - skipped
[0.283s] -- Detecting CXX compile features
[0.283s] -- Detecting CXX compile features - done
[0.284s] -- Running on x86_64
[0.285s] -- Found ament_cmake: 1.3.14 (/opt/ros/humble/share/ament_cmake/cmake)
[0.640s] -- Found Python3: /usr/bin/python3 (found version "3.10.12") found components: Interpreter 
[0.702s] -- Override CMake install command with custom implementation using symlinks instead of copying resources
[0.720s] -- Found rclcpp: 16.0.19 (/opt/ros/humble/share/rclcpp/cmake)
[0.754s] -- Found rosidl_generator_c: 3.1.9 (/opt/ros/humble/share/rosidl_generator_c/cmake)
[0.757s] -- Found rosidl_adapter: 3.1.9 (/opt/ros/humble/share/rosidl_adapter/cmake)
[0.765s] -- Found rosidl_generator_cpp: 3.1.9 (/opt/ros/humble/share/rosidl_generator_cpp/cmake)
[0.775s] -- Using all available rosidl_typesupport_c: rosidl_typesupport_fastrtps_c;rosidl_typesupport_introspection_c
[0.789s] -- Using all available rosidl_typesupport_cpp: rosidl_typesupport_fastrtps_cpp;rosidl_typesupport_introspection_cpp
[0.826s] -- Found rmw_implementation_cmake: 6.1.2 (/opt/ros/humble/share/rmw_implementation_cmake/cmake)
[0.828s] -- Found rmw_fastrtps_cpp: 6.2.10 (/opt/ros/humble/share/rmw_fastrtps_cpp/cmake)
[0.899s] -- Found OpenSSL: /usr/lib/x86_64-linux-gnu/libcrypto.so (found version "3.0.2")  
[0.924s] -- Found FastRTPS: /opt/ros/humble/include  
[0.959s] -- Using RMW implementation 'rmw_fastrtps_cpp' as default
[0.966s] -- Looking for pthread.h
[1.032s] -- Looking for pthread.h - found
[1.032s] -- Performing Test CMAKE_HAVE_LIBC_PTHREAD
[1.105s] -- Performing Test CMAKE_HAVE_LIBC_PTHREAD - Success
[1.106s] -- Found Threads: TRUE  
[1.157s] -- Found cv_bridge: 3.2.1 (/opt/ros/humble/share/cv_bridge/cmake)
[1.195s] -- Found image_transport: 3.1.13 (/opt/ros/humble/share/image_transport/cmake)
[1.220s] -- === CPU-ONLY MODE: OpenCV CPU + MVS SDK only ===
[1.221s] -- Found OpenCV: /usr (found version "4.5.4") found components: core imgproc imgcodecs 
[1.222s] -- OpenCV version: 4.5.4 (system)
[1.288s] -- Configuring done
[1.304s] -- Generating done
[1.310s] -- Build files have been written to: /home/risksis/Documents/intern/BD/camera/camera_for_BD/build/mvs_ros_driver
[1.320s] Invoked command in '/home/risksis/Documents/intern/BD/camera/camera_for_BD/build/mvs_ros_driver' returned '0': CMAKE_PREFIX_PATH=/opt/ros/humble /usr/bin/cmake /home/risksis/Documents/intern/BD/camera/camera_for_BD/mvs_ros_driver -DBUILD_CPU_ONLY=ON -DAMENT_CMAKE_SYMLINK_INSTALL=1 -DCMAKE_INSTALL_PREFIX=/home/risksis/Documents/intern/BD/camera/camera_for_BD/install/mvs_ros_driver
[1.322s] Invoking command in '/home/risksis/Documents/intern/BD/camera/camera_for_BD/build/mvs_ros_driver': CMAKE_PREFIX_PATH=/opt/ros/humble /usr/bin/cmake --build /home/risksis/Documents/intern/BD/camera/camera_for_BD/build/mvs_ros_driver -- -j4 -l4
[1.373s] [ 50%] [32mBuilding CXX object CMakeFiles/grabImgWithTriggerCPU.dir/src/grab_trigger_cpu.cpp.o[0m
[1.373s] [ 50%] [32mBuilding CXX object CMakeFiles/test_CPU_grab.dir/src/test_CPU_grab.cpp.o[0m
[6.214s] [ 75%] [32m[1mLinking CXX executable grabImgWithTriggerCPU[0m
[6.446s] [100%] [32m[1mLinking CXX executable test_CPU_grab[0m
[6.662s] [100%] Built target grabImgWithTriggerCPU
[6.852s] [100%] Built target test_CPU_grab
[6.863s] Invoked command in '/home/risksis/Documents/intern/BD/camera/camera_for_BD/build/mvs_ros_driver' returned '0': CMAKE_PREFIX_PATH=/opt/ros/humble /usr/bin/cmake --build /home/risksis/Documents/intern/BD/camera/camera_for_BD/build/mvs_ros_driver -- -j4 -l4
[6.873s] Invoking command in '/home/risksis/Documents/intern/BD/camera/camera_for_BD/build/mvs_ros_driver': CMAKE_PREFIX_PATH=/opt/ros/humble /usr/bin/cmake --install /home/risksis/Documents/intern/BD/camera/camera_for_BD/build/mvs_ros_driver
[6.881s] -- Install configuration: ""
[6.881s] -- Execute custom install script
[6.882s] -- Symlinking: /home/risksis/Documents/intern/BD/camera/camera_for_BD/install/mvs_ros_driver/lib/mvs_ros_driver/grabImgWithTriggerCPU
[6.890s] -- Symlinking: /home/risksis/Documents/intern/BD/camera/camera_for_BD/install/mvs_ros_driver/lib/mvs_ros_driver/test_CPU_grab
[6.899s] -- Symlinking: /home/risksis/Documents/intern/BD/camera/camera_for_BD/install/mvs_ros_driver/share/mvs_ros_driver/config/DA4930148.yaml
[6.907s] -- Symlinking: /home/risksis/Documents/intern/BD/camera/camera_for_BD/install/mvs_ros_driver/share/mvs_ros_driver/config/DA5148680.yaml
[6.916s] -- Symlinking: /home/risksis/Documents/intern/BD/camera/camera_for_BD/install/mvs_ros_driver/share/mvs_ros_driver/config/DA5148683.yaml
[6.925s] -- Symlinking: /home/risksis/Documents/intern/BD/camera/camera_for_BD/install/mvs_ros_driver/share/mvs_ros_driver/config/DA5324645.yaml
[6.933s] -- Symlinking: /home/risksis/Documents/intern/BD/camera/camera_for_BD/install/mvs_ros_driver/share/mvs_ros_driver/config/DA5324655.yaml
[6.941s] -- Symlinking: /home/risksis/Documents/intern/BD/camera/camera_for_BD/install/mvs_ros_driver/share/mvs_ros_driver/config/DA6102933.yaml
[6.949s] -- Symlinking: /home/risksis/Documents/intern/BD/camera/camera_for_BD/install/mvs_ros_driver/share/mvs_ros_driver/config/DB1597645.yaml
[6.958s] -- Symlinking: /home/risksis/Documents/intern/BD/camera/camera_for_BD/install/mvs_ros_driver/share/mvs_ros_driver/config/DB1597646.yaml
[6.966s] -- Symlinking: /home/risksis/Documents/intern/BD/camera/camera_for_BD/install/mvs_ros_driver/share/mvs_ros_driver/config/left_camera_trigger.yaml
[6.975s] -- Symlinking: /home/risksis/Documents/intern/BD/camera/camera_for_BD/install/mvs_ros_driver/share/mvs_ros_driver/config/right_camera_trigger.yaml
[6.983s] -- Symlinking: /home/risksis/Documents/intern/BD/camera/camera_for_BD/install/mvs_ros_driver/share/mvs_ros_driver/rviz_cfg/mvs_camera.rviz
[6.992s] -- Symlinking: /home/risksis/Documents/intern/BD/camera/camera_for_BD/install/mvs_ros_driver/share/ament_index/resource_index/package_run_dependencies/mvs_ros_driver
[7.000s] -- Symlinking: /home/risksis/Documents/intern/BD/camera/camera_for_BD/install/mvs_ros_driver/share/ament_index/resource_index/parent_prefix_path/mvs_ros_driver
[7.008s] -- Symlinking: /home/risksis/Documents/intern/BD/camera/camera_for_BD/install/mvs_ros_driver/share/mvs_ros_driver/environment/ament_prefix_path.sh
[7.017s] -- Symlinking: /home/risksis/Documents/intern/BD/camera/camera_for_BD/install/mvs_ros_driver/share/mvs_ros_driver/environment/ament_prefix_path.dsv
[7.025s] -- Symlinking: /home/risksis/Documents/intern/BD/camera/camera_for_BD/install/mvs_ros_driver/share/mvs_ros_driver/environment/path.sh
[7.041s] -- Symlinking: /home/risksis/Documents/intern/BD/camera/camera_for_BD/install/mvs_ros_driver/share/mvs_ros_driver/environment/path.dsv
[7.045s] -- Symlinking: /home/risksis/Documents/intern/BD/camera/camera_for_BD/install/mvs_ros_driver/share/mvs_ros_driver/local_setup.bash
[7.056s] -- Symlinking: /home/risksis/Documents/intern/BD/camera/camera_for_BD/install/mvs_ros_driver/share/mvs_ros_driver/local_setup.sh
[7.069s] -- Symlinking: /home/risksis/Documents/intern/BD/camera/camera_for_BD/install/mvs_ros_driver/share/mvs_ros_driver/local_setup.zsh
[7.078s] -- Symlinking: /home/risksis/Documents/intern/BD/camera/camera_for_BD/install/mvs_ros_driver/share/mvs_ros_driver/local_setup.dsv
[7.087s] -- Symlinking: /home/risksis/Documents/intern/BD/camera/camera_for_BD/install/mvs_ros_driver/share/mvs_ros_driver/package.dsv
[7.095s] -- Symlinking: /home/risksis/Documents/intern/BD/camera/camera_for_BD/install/mvs_ros_driver/share/ament_index/resource_index/packages/mvs_ros_driver
[7.103s] -- Symlinking: /home/risksis/Documents/intern/BD/camera/camera_for_BD/install/mvs_ros_driver/share/mvs_ros_driver/cmake/mvs_ros_driverConfig.cmake
[7.112s] -- Symlinking: /home/risksis/Documents/intern/BD/camera/camera_for_BD/install/mvs_ros_driver/share/mvs_ros_driver/cmake/mvs_ros_driverConfig-version.cmake
[7.120s] -- Symlinking: /home/risksis/Documents/intern/BD/camera/camera_for_BD/install/mvs_ros_driver/share/mvs_ros_driver/package.xml
[7.129s] -- Installing: /home/risksis/Documents/intern/BD/camera/camera_for_BD/install/mvs_ros_driver/share/mvs_ros_driver/launch
[7.130s] -- Installing: /home/risksis/Documents/intern/BD/camera/camera_for_BD/install/mvs_ros_driver/share/mvs_ros_driver/launch/mvs_multi_cam.launch.py
[7.130s] -- Installing: /home/risksis/Documents/intern/BD/camera/camera_for_BD/install/mvs_ros_driver/share/mvs_ros_driver/launch/my_two_cam.launch.py
[7.130s] -- Installing: /home/risksis/Documents/intern/BD/camera/camera_for_BD/install/mvs_ros_driver/share/mvs_ros_driver/launch/my_two_cam_tunable.launch.py
[7.130s] -- Installing: /home/risksis/Documents/intern/BD/camera/camera_for_BD/install/mvs_ros_driver/share/mvs_ros_driver/launch/hikrobot.launch.py
[7.130s] -- Installing: /home/risksis/Documents/intern/BD/camera/camera_for_BD/install/mvs_ros_driver/share/mvs_ros_driver/launch/mvs_multiple_camera.launch.py
[7.130s] -- Installing: /home/risksis/Documents/intern/BD/camera/camera_for_BD/install/mvs_ros_driver/share/mvs_ros_driver/launch/test_CPU_grab.launch.py
[7.132s] -- Installing: /home/risksis/Documents/intern/BD/camera/camera_for_BD/install/mvs_ros_driver/share/mvs_ros_driver/launch/mvs_camera_trigger.launch.py
[7.132s] -- Installing: /home/risksis/Documents/intern/BD/camera/camera_for_BD/install/mvs_ros_driver/share/mvs_ros_driver/launch/test_cpu.launch.py
[7.133s] Invoked command in '/home/risksis/Documents/intern/BD/camera/camera_for_BD/build/mvs_ros_driver' returned '0': CMAKE_PREFIX_PATH=/opt/ros/humble /usr/bin/cmake --install /home/risksis/Documents/intern/BD/camera/camera_for_BD/build/mvs_ros_driver
