[ 50%] Built target grabImgWithTriggerCPU
[100%] Built target test_CPU_grab
-- Install configuration: ""
-- Execute custom install script
-- Up-to-date symlink: /home/risksis/Documents/intern/risksis-intern/BD/camera/ROS_driver/install/mvs_ros_driver/lib/mvs_ros_driver/grabImgWithTriggerCPU
-- Up-to-date symlink: /home/risksis/Documents/intern/risksis-intern/BD/camera/ROS_driver/install/mvs_ros_driver/lib/mvs_ros_driver/test_CPU_grab
-- Up-to-date symlink: /home/risksis/Documents/intern/risksis-intern/BD/camera/ROS_driver/install/mvs_ros_driver/share/mvs_ros_driver/config/DA4930148.yaml
-- Up-to-date symlink: /home/risksis/Documents/intern/risksis-intern/BD/camera/ROS_driver/install/mvs_ros_driver/share/mvs_ros_driver/config/DA5148680.yaml
-- Up-to-date symlink: /home/risksis/Documents/intern/risksis-intern/BD/camera/ROS_driver/install/mvs_ros_driver/share/mvs_ros_driver/config/DA5148683.yaml
-- Up-to-date symlink: /home/risksis/Documents/intern/risksis-intern/BD/camera/ROS_driver/install/mvs_ros_driver/share/mvs_ros_driver/config/DA5324645.yaml
-- Up-to-date symlink: /home/risksis/Documents/intern/risksis-intern/BD/camera/ROS_driver/install/mvs_ros_driver/share/mvs_ros_driver/config/DA5324655.yaml
-- Up-to-date symlink: /home/risksis/Documents/intern/risksis-intern/BD/camera/ROS_driver/install/mvs_ros_driver/share/mvs_ros_driver/config/DA6102933.yaml
-- Up-to-date symlink: /home/risksis/Documents/intern/risksis-intern/BD/camera/ROS_driver/install/mvs_ros_driver/share/mvs_ros_driver/config/DB1597645.yaml
-- Up-to-date symlink: /home/risksis/Documents/intern/risksis-intern/BD/camera/ROS_driver/install/mvs_ros_driver/share/mvs_ros_driver/config/DB1597646.yaml
-- Up-to-date symlink: /home/risksis/Documents/intern/risksis-intern/BD/camera/ROS_driver/install/mvs_ros_driver/share/mvs_ros_driver/config/left_camera_trigger.yaml
-- Up-to-date symlink: /home/risksis/Documents/intern/risksis-intern/BD/camera/ROS_driver/install/mvs_ros_driver/share/mvs_ros_driver/config/right_camera_trigger.yaml
-- Up-to-date symlink: /home/risksis/Documents/intern/risksis-intern/BD/camera/ROS_driver/install/mvs_ros_driver/share/mvs_ros_driver/rviz_cfg/mvs_camera.rviz
-- Up-to-date symlink: /home/risksis/Documents/intern/risksis-intern/BD/camera/ROS_driver/install/mvs_ros_driver/share/ament_index/resource_index/package_run_dependencies/mvs_ros_driver
-- Up-to-date symlink: /home/risksis/Documents/intern/risksis-intern/BD/camera/ROS_driver/install/mvs_ros_driver/share/ament_index/resource_index/parent_prefix_path/mvs_ros_driver
-- Up-to-date symlink: /home/risksis/Documents/intern/risksis-intern/BD/camera/ROS_driver/install/mvs_ros_driver/share/mvs_ros_driver/environment/ament_prefix_path.sh
-- Up-to-date symlink: /home/risksis/Documents/intern/risksis-intern/BD/camera/ROS_driver/install/mvs_ros_driver/share/mvs_ros_driver/environment/ament_prefix_path.dsv
-- Up-to-date symlink: /home/risksis/Documents/intern/risksis-intern/BD/camera/ROS_driver/install/mvs_ros_driver/share/mvs_ros_driver/environment/path.sh
-- Up-to-date symlink: /home/risksis/Documents/intern/risksis-intern/BD/camera/ROS_driver/install/mvs_ros_driver/share/mvs_ros_driver/environment/path.dsv
-- Up-to-date symlink: /home/risksis/Documents/intern/risksis-intern/BD/camera/ROS_driver/install/mvs_ros_driver/share/mvs_ros_driver/local_setup.bash
-- Up-to-date symlink: /home/risksis/Documents/intern/risksis-intern/BD/camera/ROS_driver/install/mvs_ros_driver/share/mvs_ros_driver/local_setup.sh
-- Up-to-date symlink: /home/risksis/Documents/intern/risksis-intern/BD/camera/ROS_driver/install/mvs_ros_driver/share/mvs_ros_driver/local_setup.zsh
-- Up-to-date symlink: /home/risksis/Documents/intern/risksis-intern/BD/camera/ROS_driver/install/mvs_ros_driver/share/mvs_ros_driver/local_setup.dsv
-- Symlinking: /home/risksis/Documents/intern/risksis-intern/BD/camera/ROS_driver/install/mvs_ros_driver/share/mvs_ros_driver/package.dsv
-- Up-to-date symlink: /home/risksis/Documents/intern/risksis-intern/BD/camera/ROS_driver/install/mvs_ros_driver/share/ament_index/resource_index/packages/mvs_ros_driver
-- Up-to-date symlink: /home/risksis/Documents/intern/risksis-intern/BD/camera/ROS_driver/install/mvs_ros_driver/share/mvs_ros_driver/cmake/mvs_ros_driverConfig.cmake
-- Up-to-date symlink: /home/risksis/Documents/intern/risksis-intern/BD/camera/ROS_driver/install/mvs_ros_driver/share/mvs_ros_driver/cmake/mvs_ros_driverConfig-version.cmake
-- Up-to-date symlink: /home/risksis/Documents/intern/risksis-intern/BD/camera/ROS_driver/install/mvs_ros_driver/share/mvs_ros_driver/package.xml
-- Up-to-date: /home/risksis/Documents/intern/risksis-intern/BD/camera/ROS_driver/install/mvs_ros_driver/share/mvs_ros_driver/launch
-- Up-to-date: /home/risksis/Documents/intern/risksis-intern/BD/camera/ROS_driver/install/mvs_ros_driver/share/mvs_ros_driver/launch/mvs_multi_cam.launch.py
-- Up-to-date: /home/risksis/Documents/intern/risksis-intern/BD/camera/ROS_driver/install/mvs_ros_driver/share/mvs_ros_driver/launch/my_two_cam.launch.py
-- Installing: /home/risksis/Documents/intern/risksis-intern/BD/camera/ROS_driver/install/mvs_ros_driver/share/mvs_ros_driver/launch/my_two_cam_tunable.launch.py
-- Up-to-date: /home/risksis/Documents/intern/risksis-intern/BD/camera/ROS_driver/install/mvs_ros_driver/share/mvs_ros_driver/launch/hikrobot.launch.py
-- Up-to-date: /home/risksis/Documents/intern/risksis-intern/BD/camera/ROS_driver/install/mvs_ros_driver/share/mvs_ros_driver/launch/mvs_multiple_camera.launch.py
-- Up-to-date: /home/risksis/Documents/intern/risksis-intern/BD/camera/ROS_driver/install/mvs_ros_driver/share/mvs_ros_driver/launch/test_CPU_grab.launch.py
-- Up-to-date: /home/risksis/Documents/intern/risksis-intern/BD/camera/ROS_driver/install/mvs_ros_driver/share/mvs_ros_driver/launch/mvs_camera_trigger.launch.py
-- Up-to-date: /home/risksis/Documents/intern/risksis-intern/BD/camera/ROS_driver/install/mvs_ros_driver/share/mvs_ros_driver/launch/test_cpu.launch.py
